C:/AI/mcu_ex/example/evkmimxrt1064_lpuart_interrupt/component/uart/fsl_adapter_lpuart.c:232:26:HAL_UartGetStatus	0	static
C:/AI/mcu_ex/example/evkmimxrt1064_lpuart_interrupt/component/uart/fsl_adapter_lpuart.c:476:26:HAL_UartInitCommon	32	static
C:/AI/mcu_ex/example/evkmimxrt1064_lpuart_interrupt/component/uart/fsl_adapter_lpuart.c:528:19:HAL_UartInit	16	static
C:/AI/mcu_ex/example/evkmimxrt1064_lpuart_interrupt/component/uart/fsl_adapter_lpuart.c:583:19:HAL_UartDeinit	8	static
C:/AI/mcu_ex/example/evkmimxrt1064_lpuart_interrupt/component/uart/fsl_adapter_lpuart.c:604:19:HAL_UartReceiveBlocking	8	static
C:/AI/mcu_ex/example/evkmimxrt1064_lpuart_interrupt/component/uart/fsl_adapter_lpuart.c:619:19:HAL_UartSendBlocking	8	static
C:/AI/mcu_ex/example/evkmimxrt1064_lpuart_interrupt/component/uart/fsl_adapter_lpuart.c:634:19:HAL_UartEnterLowpower	8	static
C:/AI/mcu_ex/example/evkmimxrt1064_lpuart_interrupt/component/uart/fsl_adapter_lpuart.c:641:19:HAL_UartExitLowpower	0	static
