C:/AI/mcu_ex/example/evkmimxrt1064_lpuart_interrupt/utilities/fsl_debug_console.c:113:10:DbgConsole_Init	32	static
C:/AI/mcu_ex/example/evkmimxrt1064_lpuart_interrupt/utilities/fsl_debug_console.c:148:10:DbgConsole_Deinit	8	static
C:/AI/mcu_ex/example/evkmimxrt1064_lpuart_interrupt/utilities/fsl_debug_console.c:165:5:DbgConsole_Printf	16	static
C:/AI/mcu_ex/example/evkmimxrt1064_lpuart_interrupt/utilities/fsl_debug_console.c:183:5:DbgConsole_Putchar	16	static
C:/AI/mcu_ex/example/evkmimxrt1064_lpuart_interrupt/utilities/fsl_debug_console.c:196:5:DbgConsole_Scanf	40	static
C:/AI/mcu_ex/example/evkmimxrt1064_lpuart_interrupt/utilities/fsl_debug_console.c:255:5:DbgConsole_Getchar	16	static
C:/AI/mcu_ex/example/evkmimxrt1064_lpuart_interrupt/utilities/fsl_debug_console.c:279:17:DbgConsole_ScanIgnoreWhiteSpace	0	static
C:/AI/mcu_ex/example/evkmimxrt1064_lpuart_interrupt/utilities/fsl_debug_console.c:303:13:DbgConsole_PrintfPaddingCharacter	32	static
C:/AI/mcu_ex/example/evkmimxrt1064_lpuart_interrupt/utilities/fsl_debug_console.c:326:16:DbgConsole_ConvertRadixNumToString	8	static
C:/AI/mcu_ex/example/evkmimxrt1064_lpuart_interrupt/utilities/fsl_debug_console.c:556:12:DbgConsole_PrintfFormattedData	104	static
C:/AI/mcu_ex/example/evkmimxrt1064_lpuart_interrupt/utilities/fsl_debug_console.c:1109:12:DbgConsole_ScanfFormattedData	40	static
