c:\ai\mcu_ex\example\evkmimxrt1064_lpuart_interrupt\drivers\fsl_common_arm.h:210:20:_SDK_AtomicLocalClearAndSet4Byte	4	static
c:\ai\mcu_ex\example\evkmimxrt1064_lpuart_interrupt\drivers\fsl_clock.h:1212:20:CLOCK_ControlGate	8	static
c:\ai\mcu_ex\example\evkmimxrt1064_lpuart_interrupt\drivers\fsl_clock.h:1229:20:CLOCK_EnableClock	8	static
c:\ai\mcu_ex\example\evkmimxrt1064_lpuart_interrupt\drivers\fsl_iomuxc.h:1254:20:IOMUXC_SetPinMux	4	static
c:\ai\mcu_ex\example\evkmimxrt1064_lpuart_interrupt\drivers\fsl_iomuxc.h:1286:20:IOMUXC_SetPinConfig	0	static
C:/AI/mcu_ex/example/evkmimxrt1064_lpuart_interrupt/board/pin_mux.c:34:6:BOARD_InitBootPins	8	static
C:/AI/mcu_ex/example/evkmimxrt1064_lpuart_interrupt/board/pin_mux.c:56:6:BOARD_InitPins	40	static
