c:\ai\mcu_ex\example\evkmimxrt1064_lpuart_interrupt\cmsis\core_cm7.h:1902:22:__NVIC_EnableIRQ	16	static
c:\ai\mcu_ex\example\evkmimxrt1064_lpuart_interrupt\drivers\fsl_common_arm.h:488:24:EnableIRQ	8	static
c:\ai\mcu_ex\example\evkmimxrt1064_lpuart_interrupt\drivers\fsl_lpuart.h:760:20:LPUART_WriteByte	0	static
c:\ai\mcu_ex\example\evkmimxrt1064_lpuart_interrupt\drivers\fsl_lpuart.h:774:23:LPUART_ReadByte	0	static
C:/AI/mcu_ex/example/evkmimxrt1064_lpuart_interrupt/source/lpuart_interrupt.c:57:6:LPUART5_IRQHandler	16	static
C:/AI/mcu_ex/example/evkmimxrt1064_lpuart_interrupt/source/lpuart_interrupt.c:83:5:main	32	static
