Archive member included to satisfy reference by file (symbol)

c:/nxp/mcuxpressoide_11.4.0_6224/ide/tools/bin/../lib/gcc/arm-none-eabi/10.2.1/thumb/v7e-m+dp/hard\libgcc.a(_aeabi_uldivmod.o)
                              CMakeFiles/evkmimxrt1064_lpuart_interrupt.elf.dir/C_/AI/mcu_ex/example/evkmimxrt1064_lpuart_interrupt/drivers/fsl_common_arm.o (__aeabi_uldivmod)
c:/nxp/mcuxpressoide_11.4.0_6224/ide/tools/bin/../lib/gcc/arm-none-eabi/10.2.1/thumb/v7e-m+dp/hard\libgcc.a(_udivmoddi4.o)
                              c:/nxp/mcuxpressoide_11.4.0_6224/ide/tools/bin/../lib/gcc/arm-none-eabi/10.2.1/thumb/v7e-m+dp/hard\libgcc.a(_aeabi_uldivmod.o) (__udivmoddi4)
c:/nxp/mcuxpressoide_11.4.0_6224/ide/tools/bin/../lib/gcc/arm-none-eabi/10.2.1/thumb/v7e-m+dp/hard\libgcc.a(_dvmd_tls.o)
                              c:/nxp/mcuxpressoide_11.4.0_6224/ide/tools/bin/../lib/gcc/arm-none-eabi/10.2.1/thumb/v7e-m+dp/hard\libgcc.a(_aeabi_uldivmod.o) (__aeabi_ldiv0)
c:/nxp/mcuxpressoide_11.4.0_6224/ide/tools/bin/../lib/gcc/arm-none-eabi/10.2.1/../../../../arm-none-eabi/lib/thumb/v7e-m+dp/hard\libc_nano.a(lib_a-malloc.o)
                              CMakeFiles/evkmimxrt1064_lpuart_interrupt.elf.dir/C_/AI/mcu_ex/example/evkmimxrt1064_lpuart_interrupt/drivers/fsl_common.o (malloc)
c:/nxp/mcuxpressoide_11.4.0_6224/ide/tools/bin/../lib/gcc/arm-none-eabi/10.2.1/../../../../arm-none-eabi/lib/thumb/v7e-m+dp/hard\libc_nano.a(lib_a-memset.o)
                              CMakeFiles/evkmimxrt1064_lpuart_interrupt.elf.dir/C_/AI/mcu_ex/example/evkmimxrt1064_lpuart_interrupt/drivers/fsl_lpuart.o (memset)
c:/nxp/mcuxpressoide_11.4.0_6224/ide/tools/bin/../lib/gcc/arm-none-eabi/10.2.1/../../../../arm-none-eabi/lib/thumb/v7e-m+dp/hard\libc_nano.a(lib_a-nano-freer.o)
                              c:/nxp/mcuxpressoide_11.4.0_6224/ide/tools/bin/../lib/gcc/arm-none-eabi/10.2.1/../../../../arm-none-eabi/lib/thumb/v7e-m+dp/hard\libc_nano.a(lib_a-malloc.o) (_free_r)
c:/nxp/mcuxpressoide_11.4.0_6224/ide/tools/bin/../lib/gcc/arm-none-eabi/10.2.1/../../../../arm-none-eabi/lib/thumb/v7e-m+dp/hard\libc_nano.a(lib_a-nano-mallocr.o)
                              c:/nxp/mcuxpressoide_11.4.0_6224/ide/tools/bin/../lib/gcc/arm-none-eabi/10.2.1/../../../../arm-none-eabi/lib/thumb/v7e-m+dp/hard\libc_nano.a(lib_a-malloc.o) (_malloc_r)
c:/nxp/mcuxpressoide_11.4.0_6224/ide/tools/bin/../lib/gcc/arm-none-eabi/10.2.1/../../../../arm-none-eabi/lib/thumb/v7e-m+dp/hard\libc_nano.a(lib_a-sbrkr.o)
                              c:/nxp/mcuxpressoide_11.4.0_6224/ide/tools/bin/../lib/gcc/arm-none-eabi/10.2.1/../../../../arm-none-eabi/lib/thumb/v7e-m+dp/hard\libc_nano.a(lib_a-nano-mallocr.o) (_sbrk_r)
c:/nxp/mcuxpressoide_11.4.0_6224/ide/tools/bin/../lib/gcc/arm-none-eabi/10.2.1/../../../../arm-none-eabi/lib/thumb/v7e-m+dp/hard\libc_nano.a(lib_a-strlen.o)
                              CMakeFiles/evkmimxrt1064_lpuart_interrupt.elf.dir/C_/AI/mcu_ex/example/evkmimxrt1064_lpuart_interrupt/utilities/fsl_debug_console.o (strlen)
c:/nxp/mcuxpressoide_11.4.0_6224/ide/tools/bin/../lib/gcc/arm-none-eabi/10.2.1/../../../../arm-none-eabi/lib/thumb/v7e-m+dp/hard\libc_nano.a(lib_a-impure.o)
                              c:/nxp/mcuxpressoide_11.4.0_6224/ide/tools/bin/../lib/gcc/arm-none-eabi/10.2.1/../../../../arm-none-eabi/lib/thumb/v7e-m+dp/hard\libc_nano.a(lib_a-malloc.o) (_impure_ptr)
c:/nxp/mcuxpressoide_11.4.0_6224/ide/tools/bin/../lib/gcc/arm-none-eabi/10.2.1/../../../../arm-none-eabi/lib/thumb/v7e-m+dp/hard\libc_nano.a(lib_a-mlock.o)
                              c:/nxp/mcuxpressoide_11.4.0_6224/ide/tools/bin/../lib/gcc/arm-none-eabi/10.2.1/../../../../arm-none-eabi/lib/thumb/v7e-m+dp/hard\libc_nano.a(lib_a-nano-freer.o) (__malloc_lock)
c:/nxp/mcuxpressoide_11.4.0_6224/ide/tools/bin/../lib/gcc/arm-none-eabi/10.2.1/../../../../arm-none-eabi/lib/thumb/v7e-m+dp/hard\libc_nano.a(lib_a-reent.o)
                              c:/nxp/mcuxpressoide_11.4.0_6224/ide/tools/bin/../lib/gcc/arm-none-eabi/10.2.1/../../../../arm-none-eabi/lib/thumb/v7e-m+dp/hard\libc_nano.a(lib_a-sbrkr.o) (errno)
c:/nxp/mcuxpressoide_11.4.0_6224/ide/tools/bin/../lib/gcc/arm-none-eabi/10.2.1/../../../../arm-none-eabi/lib/thumb/v7e-m+dp/hard\libc_nano.a(lib_a-lock.o)
                              c:/nxp/mcuxpressoide_11.4.0_6224/ide/tools/bin/../lib/gcc/arm-none-eabi/10.2.1/../../../../arm-none-eabi/lib/thumb/v7e-m+dp/hard\libc_nano.a(lib_a-mlock.o) (__retarget_lock_acquire_recursive)
c:/nxp/mcuxpressoide_11.4.0_6224/ide/tools/bin/../lib/gcc/arm-none-eabi/10.2.1/../../../../arm-none-eabi/lib/thumb/v7e-m+dp/hard\libcr_newlib_nohost.a(_cr_sbrk.o)
                              c:/nxp/mcuxpressoide_11.4.0_6224/ide/tools/bin/../lib/gcc/arm-none-eabi/10.2.1/../../../../arm-none-eabi/lib/thumb/v7e-m+dp/hard\libc_nano.a(lib_a-sbrkr.o) (_sbrk)
c:/nxp/mcuxpressoide_11.4.0_6224/ide/tools/bin/../lib/gcc/arm-none-eabi/10.2.1/../../../../arm-none-eabi/lib/thumb/v7e-m+dp/hard\libcr_newlib_nohost.a(_cr_check_heap.o)
[...]
Memory Configuration

Name             Origin             Length             Attributes
PROGRAM_FLASH    0x70000000         0x00400000         xr
SRAM_DTC         0x20000000         0x00020000         xrw
SRAM_ITC         0x00000000         0x00020000         xrw
SRAM_OC          0x20200000         0x000c0000         xrw
BOARD_SDRAM      0x80000000         0x01e00000         xrw
NCACHE_REGION    0x81e00000         0x00200000         xrw
*default*        0x00000000         0xffffffff

Linker script and memory map

LOAD CMakeFiles/evkmimxrt1064_lpuart_interrupt.elf.dir/C_/AI/mcu_ex/example/evkmimxrt1064_lpuart_interrupt/component/lists/fsl_component_generic_list.o
LOAD CMakeFiles/evkmimxrt1064_lpuart_interrupt.elf.dir/C_/AI/mcu_ex/example/evkmimxrt1064_lpuart_interrupt/component/uart/fsl_adapter_lpuart.o
LOAD CMakeFiles/evkmimxrt1064_lpuart_interrupt.elf.dir/C_/AI/mcu_ex/example/evkmimxrt1064_lpuart_interrupt/startup/startup_mimxrt1064.o
LOAD CMakeFiles/evkmimxrt1064_lpuart_interrupt.elf.dir/C_/AI/mcu_ex/example/evkmimxrt1064_lpuart_interrupt/source/semihost_hardfault.o
LOAD CMakeFiles/evkmimxrt1064_lpuart_interrupt.elf.dir/C_/AI/mcu_ex/example/evkmimxrt1064_lpuart_interrupt/source/lpuart_interrupt.o
LOAD CMakeFiles/evkmimxrt1064_lpuart_interrupt.elf.dir/C_/AI/mcu_ex/example/evkmimxrt1064_lpuart_interrupt/utilities/fsl_debug_console.o
LOAD CMakeFiles/evkmimxrt1064_lpuart_interrupt.elf.dir/C_/AI/mcu_ex/example/evkmimxrt1064_lpuart_interrupt/utilities/fsl_assert.o
LOAD CMakeFiles/evkmimxrt1064_lpuart_interrupt.elf.dir/C_/AI/mcu_ex/example/evkmimxrt1064_lpuart_interrupt/drivers/fsl_lpuart.o
LOAD CMakeFiles/evkmimxrt1064_lpuart_interrupt.elf.dir/C_/AI/mcu_ex/example/evkmimxrt1064_lpuart_interrupt/drivers/fsl_gpio.o
LOAD CMakeFiles/evkmimxrt1064_lpuart_interrupt.elf.dir/C_/AI/mcu_ex/example/evkmimxrt1064_lpuart_interrupt/drivers/fsl_common_arm.o
LOAD CMakeFiles/evkmimxrt1064_lpuart_interrupt.elf.dir/C_/AI/mcu_ex/example/evkmimxrt1064_lpuart_interrupt/drivers/fsl_common.o
LOAD CMakeFiles/evkmimxrt1064_lpuart_interrupt.elf.dir/C_/AI/mcu_ex/example/evkmimxrt1064_lpuart_interrupt/drivers/fsl_clock.o
LOAD CMakeFiles/evkmimxrt1064_lpuart_interrupt.elf.dir/C_/AI/mcu_ex/example/evkmimxrt1064_lpuart_interrupt/device/system_MIMXRT1064.o
LOAD CMakeFiles/evkmimxrt1064_lpuart_interrupt.elf.dir/C_/AI/mcu_ex/example/evkmimxrt1064_lpuart_interrupt/board/pin_mux.o
LOAD CMakeFiles/evkmimxrt1064_lpuart_interrupt.elf.dir/C_/AI/mcu_ex/example/evkmimxrt1064_lpuart_interrupt/board/dcd.o
LOAD CMakeFiles/evkmimxrt1064_lpuart_interrupt.elf.dir/C_/AI/mcu_ex/example/evkmimxrt1064_lpuart_interrupt/board/clock_config.o
LOAD CMakeFiles/evkmimxrt1064_lpuart_interrupt.elf.dir/C_/AI/mcu_ex/example/evkmimxrt1064_lpuart_interrupt/board/board.o
LOAD CMakeFiles/evkmimxrt1064_lpuart_interrupt.elf.dir/C_/AI/mcu_ex/example/evkmimxrt1064_lpuart_interrupt/xip/fsl_flexspi_nor_boot.o
LOAD CMakeFiles/evkmimxrt1064_lpuart_interrupt.elf.dir/C_/AI/mcu_ex/example/evkmimxrt1064_lpuart_interrupt/xip/evkmimxrt1064_flexspi_nor_config.o
START GROUP
LOAD c:/nxp/mcuxpressoide_11.4.0_6224/ide/tools/bin/../lib/gcc/arm-none-eabi/10.2.1/thumb/v7e-m+dp/hard\libgcc.a
LOAD c:/nxp/mcuxpressoide_11.4.0_6224/ide/tools/bin/../lib/gcc/arm-none-eabi/10.2.1/../../../../arm-none-eabi/lib/thumb/v7e-m+dp/hard\libc_nano.a
LOAD c:/nxp/mcuxpressoide_11.4.0_6224/ide/tools/bin/../lib/gcc/arm-none-eabi/10.2.1/../../../../arm-none-eabi/lib/thumb/v7e-m+dp/hard\libm.a
LOAD c:/nxp/mcuxpressoide_11.4.0_6224/ide/tools/bin/../lib/gcc/arm-none-eabi/10.2.1/../../../../arm-none-eabi/lib/thumb/v7e-m+dp/hard\libcr_newlib_nohost.a
END GROUP
START GROUP
LOAD c:/nxp/mcuxpressoide_11.4.0_6224/ide/tools/bin/../lib/gcc/arm-none-eabi/10.2.1/../../../../arm-none-eabi/lib/thumb/v7e-m+dp/hard\libcr_c.a
LOAD c:/nxp/mcuxpressoide_11.4.0_6224/ide/tools/bin/../lib/gcc/arm-none-eabi/10.2.1/thumb/v7e-m+dp/hard\libcr_eabihelpers.a
LOAD c:/nxp/mcuxpressoide_11.4.0_6224/ide/tools/bin/../lib/gcc/arm-none-eabi/10.2.1/thumb/v7e-m+dp/hard\libgcc.a
END GROUP
                0x70000000                __base_PROGRAM_FLASH = 0x70000000
                0x70000000                __base_Flash = 0x70000000
                0x70400000                __top_PROGRAM_FLASH = 0x70400000
                0x70400000                __top_Flash = 0x70400000
                0x20000000                __base_SRAM_DTC = 0x20000000
                0x20000000                __base_RAM = 0x20000000
                0x20020000                __top_SRAM_DTC = 0x20020000
                0x20020000                __top_RAM = 0x20020000
                0x00000000                __base_SRAM_ITC = 0x0
                0x00000000                __base_RAM2 = 0x0
                0x00020000                __top_SRAM_ITC = 0x20000
                0x00020000                __top_RAM2 = 0x20000
                0x20200000                __base_SRAM_OC = 0x20200000
                0x20200000                __base_RAM3 = 0x20200000
                0x202c0000                __top_SRAM_OC = 0x202c0000
                0x202c0000                __top_RAM3 = 0x202c0000
                0x80000000                __base_BOARD_SDRAM = 0x80000000
                0x80000000                __base_RAM4 = 0x80000000
                0x81e00000                __top_BOARD_SDRAM = 0x81e00000
                0x81e00000                __top_RAM4 = 0x81e00000
                0x81e00000                __base_NCACHE_REGION = 0x81e00000
                0x81e00000                __base_RAM5 = 0x81e00000
                0x82000000                __top_NCACHE_REGION = 0x82000000
                0x82000000                __top_RAM5 = 0x82000000

.boot_hdr       0x70000000     0x2000
 FILL mask 0xff
                0x70000000                __boot_hdr_start__ = ABSOLUTE (.)
 *(SORT_BY_ALIGNMENT(.boot_hdr.conf))
 .boot_hdr.conf
                0x70000000      0x200 CMakeFiles/evkmimxrt1064_lpuart_interrupt.elf.dir/C_/AI/mcu_ex/example/evkmimxrt1064_lpuart_interrupt/xip/evkmimxrt1064_flexspi_nor_config.o
                0x70000000                qspiflash_config
                0x00001000                . = 0x1000
 *fill*         0x70000200      0xe00 ff
 *(SORT_BY_ALIGNMENT(.boot_hdr.ivt))
 .boot_hdr.ivt  0x70001000       0x20 CMakeFiles/evkmimxrt1064_lpuart_interrupt.elf.dir/C_/AI/mcu_ex/example/evkmimxrt1064_lpuart_interrupt/xip/fsl_flexspi_nor_boot.o
                0x70001000                image_vector_table
                0x00001020                . = 0x1020
 *(SORT_BY_ALIGNMENT(.boot_hdr.boot_data))
 .boot_hdr.boot_data
                0x70001020       0x10 CMakeFiles/evkmimxrt1064_lpuart_interrupt.elf.dir/C_/AI/mcu_ex/example/evkmimxrt1064_lpuart_interrupt/xip/fsl_flexspi_nor_boot.o
                0x70001020                boot_data
                0x00001030                . = 0x1030
 *(SORT_BY_ALIGNMENT(.boot_hdr.dcd_data))
                0x70001030                __boot_hdr_end__ = ABSOLUTE (.)
                0x00002000                . = 0x2000
 *fill*         0x70001030      0xfd0 ff

.text           0x70002000     0x2938
 FILL mask 0xff
                0x70002000                __vectors_start__ = ABSOLUTE (.)
 *(SORT_BY_ALIGNMENT(.isr_vector))
 .isr_vector    0x70002000      0x2b8 CMakeFiles/evkmimxrt1064_lpuart_interrupt.elf.dir/C_/AI/mcu_ex/example/evkmimxrt1064_lpuart_interrupt/startup/startup_mimxrt1064.o
                0x70002000                g_pfnVectors
                0x70002000                __Vectors
                0x700022b8                . = ALIGN (0x4)
                0x700022b8                __section_table_start = .
                0x700022b8                __data_section_table = .
                0x700022b8        0x4 LONG 0x70004938 LOADADDR (.data)
                0x700022bc        0x4 LONG 0x20000000 ADDR (.data)
                0x700022c0        0x4 LONG 0x70 SIZEOF (.data)
                0x700022c4        0x4 LONG 0x70004938 LOADADDR (.data_RAM2)
                0x700022c8        0x4 LONG 0x0 ADDR (.data_RAM2)
                0x700022cc        0x4 LONG 0x0 SIZEOF (.data_RAM2)
                0x700022d0        0x4 LONG 0x70004938 LOADADDR (.data_RAM3)
                0x700022d4        0x4 LONG 0x20200000 ADDR (.data_RAM3)
                0x700022d8        0x4 LONG 0x0 SIZEOF (.data_RAM3)
                0x700022dc        0x4 LONG 0x70004938 LOADADDR (.data_RAM4)
                0x700022e0        0x4 LONG 0x80000000 ADDR (.data_RAM4)
                0x700022e4        0x4 LONG 0x0 SIZEOF (.data_RAM4)
                0x700022e8        0x4 LONG 0x70004938 LOADADDR (.data_RAM5)
                0x700022ec        0x4 LONG 0x81e00000 ADDR (.data_RAM5)
                0x700022f0        0x4 LONG 0x0 SIZEOF (.data_RAM5)
                0x700022f4                __data_section_table_end = .
                0x700022f4                __bss_section_table = .
                0x700022f4        0x4 LONG 0x20000070 ADDR (.bss)
                0x700022f8        0x4 LONG 0x58 SIZEOF (.bss)
                0x700022fc        0x4 LONG 0x0 ADDR (.bss_RAM2)
                0x70002300        0x4 LONG 0x0 SIZEOF (.bss_RAM2)
                0x70002304        0x4 LONG 0x20200000 ADDR (.bss_RAM3)
                0x70002308        0x4 LONG 0x0 SIZEOF (.bss_RAM3)
                0x7000230c        0x4 LONG 0x80000000 ADDR (.bss_RAM4)
                0x70002310        0x4 LONG 0x0 SIZEOF (.bss_RAM4)
                0x70002314        0x4 LONG 0x81e00000 ADDR (.bss_RAM5)
                0x70002318        0x4 LONG 0x0 SIZEOF (.bss_RAM5)
                0x7000231c                __bss_section_table_end = .
                0x7000231c                __section_table_end = .
 *(SORT_BY_ALIGNMENT(.after_vectors*))
 .after_vectors.reset
                0x7000231c       0x4c CMakeFiles/evkmimxrt1064_lpuart_interrupt.elf.dir/C_/AI/mcu_ex/example/evkmimxrt1064_lpuart_interrupt/startup/startup_mimxrt1064.o
                0x7000231c                ResetISR
 .after_vectors.init_data
                0x70002368       0x1e CMakeFiles/evkmimxrt1064_lpuart_interrupt.elf.dir/C_/AI/mcu_ex/example/evkmimxrt1064_lpuart_interrupt/startup/startup_mimxrt1064.o
                0x70002368                data_init
 .after_vectors.init_bss
                0x70002386       0x12 CMakeFiles/evkmimxrt1064_lpuart_interrupt.elf.dir/C_/AI/mcu_ex/example/evkmimxrt1064_lpuart_interrupt/startup/startup_mimxrt1064.o
                0x70002386                bss_init
 .after_vectors
                0x70002398       0x14 CMakeFiles/evkmimxrt1064_lpuart_interrupt.elf.dir/C_/AI/mcu_ex/example/evkmimxrt1064_lpuart_interrupt/startup/startup_mimxrt1064.o
                0x70002398                NMI_Handler
                0x7000239c                MemManage_Handler
                0x7000239e                BusFault_Handler
                0x700023a0                UsageFault_Handler
                0x700023a2                SVC_Handler
                0x700023a4                DebugMon_Handler
                0x700023a6                PendSV_Handler
                0x700023a8                SysTick_Handler
                0x700023aa                CCM_2_DriverIRQHandler
                0x700023aa                PIT_DriverIRQHandler
                0x700023aa                PMU_EVENT_DriverIRQHandler
                0x700023aa                PWM4_FAULT_DriverIRQHandler
                0x700023aa                DMA13_DMA29_DriverIRQHandler
                0x700023aa                LCDIF_DriverIRQHandler
                0x700023aa                LPSPI4_DriverIRQHandler
                0x700023aa                SEMC_DriverIRQHandler
                0x700023aa                SPDIF_DriverIRQHandler
                0x700023aa                SAI3_RX_DriverIRQHandler
                0x700023aa                PWM4_3_DriverIRQHandler
                0x700023aa                ENET2_DriverIRQHandler
                0x700023aa                FLEXRAM_DriverIRQHandler
                0x700023aa                LPSPI2_DriverIRQHandler
                0x700023aa                USB_PHY1_DriverIRQHandler
                0x700023aa                GPIO3_Combined_0_15_DriverIRQHandler
                0x700023aa                CAN3_DriverIRQHandler
                0x700023aa                Reserved171_DriverIRQHandler
                0x700023aa                DMA7_DMA23_DriverIRQHandler
                0x700023aa                BEE_DriverIRQHandler
                0x700023aa                LPI2C3_DriverIRQHandler
                0x700023aa                GPR_IRQ_DriverIRQHandler
                0x700023aa                PWM2_FAULT_DriverIRQHandler
                0x700023aa                PWM3_1_DriverIRQHandler
                0x700023aa                DMA14_DMA30_DriverIRQHandler
                0x700023aa                TMR1_DriverIRQHandler
                0x700023aa                TRNG_DriverIRQHandler
                0x700023aa                PWM3_2_DriverIRQHandler
                0x700023aa                ENET_1588_Timer_DriverIRQHandler
                0x700023aa                FLEXIO2_DriverIRQHandler
                0x700023aa                GPIO2_Combined_16_31_DriverIRQHandler
                0x700023aa                Reserved143_DriverIRQHandler
                0x700023aa                FLEXSPI2_DriverIRQHandler
                0x700023aa                PWM4_1_DriverIRQHandler
                0x700023aa                PWM3_3_DriverIRQHandler
                0x700023aa                DMA0_DMA16_DriverIRQHandler
                0x700023aa                IntDefaultHandler
                0x700023aa                DMA2_DMA18_DriverIRQHandler
                0x700023aa                SRC_DriverIRQHandler
                0x700023aa                GPIO1_INT4_DriverIRQHandler
                0x700023aa                Reserved144_DriverIRQHandler
                0x700023aa                USDHC1_DriverIRQHandler
                0x700023aa                ENC3_DriverIRQHandler
                0x700023aa                PWM3_FAULT_DriverIRQHandler
                0x700023aa                KPP_DriverIRQHandler
                0x700023aa                TSC_DIG_DriverIRQHandler
                0x700023aa                WDOG1_DriverIRQHandler
                0x700023aa                FLEXIO1_DriverIRQHandler
                0x700023aa                ENET_DriverIRQHandler
                0x700023aa                Reserved78_DriverIRQHandler
                0x700023aa                TMR4_DriverIRQHandler
                0x700023aa                ENC2_DriverIRQHandler
                0x700023aa                ADC_ETC_IRQ2_DriverIRQHandler
                0x700023aa                GPIO1_Combined_16_31_DriverIRQHandler
                0x700023aa                GPIO1_INT7_DriverIRQHandler
                0x700023aa                SAI1_DriverIRQHandler
                0x700023aa                DCDC_DriverIRQHandler
                0x700023aa                DMA12_DMA28_DriverIRQHandler
                0x700023aa                PWM4_0_DriverIRQHandler
                0x700023aa                ADC_ETC_ERROR_IRQ_DriverIRQHandler
                0x700023aa                ACMP2_DriverIRQHandler
                0x700023aa                GPIO5_Combined_0_15_DriverIRQHandler
                0x700023aa                GPIO1_INT0_DriverIRQHandler
                0x700023aa                GPIO1_INT2_DriverIRQHandler
                0x700023aa                RTWDOG_DriverIRQHandler
                0x700023aa                FLEXSPI_DriverIRQHandler
                0x700023aa                GPT2_DriverIRQHandler
                0x700023aa                USB_PHY2_DriverIRQHandler
                0x700023aa                DMA10_DMA26_DriverIRQHandler
                0x700023aa                PWM2_1_DriverIRQHandler
                0x700023aa                PWM1_1_DriverIRQHandler
                0x700023aa                PXP_DriverIRQHandler
                0x700023aa                ADC1_DriverIRQHandler
                0x700023aa                PWM1_0_DriverIRQHandler
                0x700023aa                SJC_DriverIRQHandler
                0x700023aa                DMA1_DMA17_DriverIRQHandler
                0x700023aa                ENC1_DriverIRQHandler
                0x700023aa                ENC4_DriverIRQHandler
                0x700023aa                CAN2_DriverIRQHandler
                0x700023aa                DCP_DriverIRQHandler
                0x700023aa                CTI0_ERROR_DriverIRQHandler
                0x700023aa                DMA8_DMA24_DriverIRQHandler
                0x700023aa                GPT1_DriverIRQHandler
                0x700023aa                ACMP3_DriverIRQHandler
                0x700023aa                DMA6_DMA22_DriverIRQHandler
                0x700023aa                CSU_DriverIRQHandler
                0x700023aa                GPIO1_INT5_DriverIRQHandler
                0x700023aa                TMR3_DriverIRQHandler
                0x700023aa                TMR2_DriverIRQHandler
                0x700023aa                CTI1_ERROR_DriverIRQHandler
                0x700023aa                GPIO1_Combined_0_15_DriverIRQHandler
                0x700023aa                USDHC2_DriverIRQHandler
                0x700023aa                PWM4_2_DriverIRQHandler
                0x700023aa                Reserved87_DriverIRQHandler
                0x700023aa                SAI2_DriverIRQHandler
                0x700023aa                CORE_DriverIRQHandler
                0x700023aa                EWM_DriverIRQHandler
                0x700023aa                DMA11_DMA27_DriverIRQHandler
                0x700023aa                CSI_DriverIRQHandler
                0x700023aa                PWM2_3_DriverIRQHandler
                0x700023aa                XBAR1_IRQ_2_3_DriverIRQHandler
                0x700023aa                SNVS_HP_WRAPPER_TZ_DriverIRQHandler
                0x700023aa                GPIO3_Combined_16_31_DriverIRQHandler
                0x700023aa                PWM1_FAULT_DriverIRQHandler
                0x700023aa                LPI2C1_DriverIRQHandler
                0x700023aa                ENET2_1588_Timer_DriverIRQHandler
                0x700023aa                PWM2_2_DriverIRQHandler
                0x700023aa                DMA4_DMA20_DriverIRQHandler
                0x700023aa                DMA9_DMA25_DriverIRQHandler
                0x700023aa                SNVS_HP_WRAPPER_DriverIRQHandler
                0x700023aa                XBAR1_IRQ_0_1_DriverIRQHandler
                0x700023aa                ADC_ETC_IRQ1_DriverIRQHandler
                0x700023aa                LPSPI1_DriverIRQHandler
                0x700023aa                DMA3_DMA19_DriverIRQHandler
                0x700023aa                GPIO1_INT3_DriverIRQHandler
                0x700023aa                DCP_VMI_DriverIRQHandler
                0x700023aa                LPI2C4_DriverIRQHandler
                0x700023aa                GPC_DriverIRQHandler
                0x700023aa                GPIO2_Combined_0_15_DriverIRQHandler
                0x700023aa                PWM1_2_DriverIRQHandler
                0x700023aa                USB_OTG1_DriverIRQHandler
                0x700023aa                TEMP_LOW_HIGH_DriverIRQHandler
                0x700023aa                SAI3_TX_DriverIRQHandler
                0x700023aa                FLEXIO3_DriverIRQHandler
                0x700023aa                WDOG2_DriverIRQHandler
                0x700023aa                Reserved68_DriverIRQHandler
                0x700023aa                PWM3_0_DriverIRQHandler
                0x700023aa                GPIO4_Combined_0_15_DriverIRQHandler
                0x700023aa                GPIO4_Combined_16_31_DriverIRQHandler
                0x700023aa                GPIO6_7_8_9_DriverIRQHandler
                0x700023aa                GPIO5_Combined_16_31_DriverIRQHandler
                0x700023aa                DMA5_DMA21_DriverIRQHandler
                0x700023aa                CCM_1_DriverIRQHandler
                0x700023aa                ADC2_DriverIRQHandler
                0x700023aa                Reserved115_DriverIRQHandler
                0x700023aa                TEMP_PANIC_DriverIRQHandler
                0x700023aa                ACMP4_DriverIRQHandler
                0x700023aa                DMA15_DMA31_DriverIRQHandler
                0x700023aa                LPSPI3_DriverIRQHandler
                0x700023aa                PWM1_3_DriverIRQHandler
                0x700023aa                ACMP1_DriverIRQHandler
                0x700023aa                LPI2C2_DriverIRQHandler
                0x700023aa                Reserved86_DriverIRQHandler
                0x700023aa                DMA_ERROR_DriverIRQHandler
                0x700023aa                ADC_ETC_IRQ0_DriverIRQHandler
                0x700023aa                CAN1_DriverIRQHandler
                0x700023aa                GPIO1_INT6_DriverIRQHandler
                0x700023aa                GPIO1_INT1_DriverIRQHandler
                0x700023aa                PWM2_0_DriverIRQHandler
                0x700023aa                SNVS_LP_WRAPPER_DriverIRQHandler
                0x700023aa                USB_OTG2_DriverIRQHandler
 *(SORT_BY_ALIGNMENT(.text*))
 .text.__NVIC_EnableIRQ
                0x700023ac       0x3c CMakeFiles/evkmimxrt1064_lpuart_interrupt.elf.dir/C_/AI/mcu_ex/example/evkmimxrt1064_lpuart_interrupt/source/lpuart_interrupt.o
 .text.LPUART5_IRQHandler
                0x700023e8       0x68 CMakeFiles/evkmimxrt1064_lpuart_interrupt.elf.dir/C_/AI/mcu_ex/example/evkmimxrt1064_lpuart_interrupt/source/lpuart_interrupt.o
                0x700023e8                LPUART5_IRQHandler
 .text.main     0x70002450       0xac CMakeFiles/evkmimxrt1064_lpuart_interrupt.elf.dir/C_/AI/mcu_ex/example/evkmimxrt1064_lpuart_interrupt/source/lpuart_interrupt.o
                0x70002450                main
 .text.DbgConsole_Printf
                0x700024fc       0x30 CMakeFiles/evkmimxrt1064_lpuart_interrupt.elf.dir/C_/AI/mcu_ex/example/evkmimxrt1064_lpuart_interrupt/utilities/fsl_debug_console.o
                0x700024fc                DbgConsole_Printf
 .text.DbgConsole_Putchar
                0x7000252c       0x28 CMakeFiles/evkmimxrt1064_lpuart_interrupt.elf.dir/C_/AI/mcu_ex/example/evkmimxrt1064_lpuart_interrupt/utilities/fsl_debug_console.o
                0x7000252c                DbgConsole_Putchar
 .text.__assert_func
                0x70002554       0x1c CMakeFiles/evkmimxrt1064_lpuart_interrupt.elf.dir/C_/AI/mcu_ex/example/evkmimxrt1064_lpuart_interrupt/utilities/fsl_assert.o
                0x70002554                __assert_func
 .text.CLOCK_ControlGate
                0x70002570       0x44 CMakeFiles/evkmimxrt1064_lpuart_interrupt.elf.dir/C_/AI/mcu_ex/example/evkmimxrt1064_lpuart_interrupt/drivers/fsl_lpuart.o
 .text.LPUART_GetInstance
                0x700025b4       0x3c CMakeFiles/evkmimxrt1064_lpuart_interrupt.elf.dir/C_/AI/mcu_ex/example/evkmimxrt1064_lpuart_interrupt/drivers/fsl_lpuart.o
                0x700025b4                LPUART_GetInstance
 .text.LPUART_Init
                0x700025f0      0x208 CMakeFiles/evkmimxrt1064_lpuart_interrupt.elf.dir/C_/AI/mcu_ex/example/evkmimxrt1064_lpuart_interrupt/drivers/fsl_lpuart.o
                0x700025f0                LPUART_Init
 .text.LPUART_GetDefaultConfig
                0x700027f8       0x50 CMakeFiles/evkmimxrt1064_lpuart_interrupt.elf.dir/C_/AI/mcu_ex/example/evkmimxrt1064_lpuart_interrupt/drivers/fsl_lpuart.o
                0x700027f8                LPUART_GetDefaultConfig
 .text.LPUART_EnableInterrupts
                0x70002848       0x4c CMakeFiles/evkmimxrt1064_lpuart_interrupt.elf.dir/C_/AI/mcu_ex/example/evkmimxrt1064_lpuart_interrupt/drivers/fsl_lpuart.o
                0x70002848                LPUART_EnableInterrupts
 .text.LPUART_GetStatusFlags
                0x70002894       0x18 CMakeFiles/evkmimxrt1064_lpuart_interrupt.elf.dir/C_/AI/mcu_ex/example/evkmimxrt1064_lpuart_interrupt/drivers/fsl_lpuart.o
                0x70002894                LPUART_GetStatusFlags
 .text.LPUART_WriteBlocking
                0x700028ac       0x40 CMakeFiles/evkmimxrt1064_lpuart_interrupt.elf.dir/C_/AI/mcu_ex/example/evkmimxrt1064_lpuart_interrupt/drivers/fsl_lpuart.o
                0x700028ac                LPUART_WriteBlocking
 .text.LPUART1_DriverIRQHandler
                0x700028ec       0x20 CMakeFiles/evkmimxrt1064_lpuart_interrupt.elf.dir/C_/AI/mcu_ex/example/evkmimxrt1064_lpuart_interrupt/drivers/fsl_lpuart.o
                0x700028ec                LPUART1_DriverIRQHandler
 .text.LPUART2_DriverIRQHandler
                0x7000290c       0x20 CMakeFiles/evkmimxrt1064_lpuart_interrupt.elf.dir/C_/AI/mcu_ex/example/evkmimxrt1064_lpuart_interrupt/drivers/fsl_lpuart.o
                0x7000290c                LPUART2_DriverIRQHandler
 .text.LPUART3_DriverIRQHandler
                0x7000292c       0x20 CMakeFiles/evkmimxrt1064_lpuart_interrupt.elf.dir/C_/AI/mcu_ex/example/evkmimxrt1064_lpuart_interrupt/drivers/fsl_lpuart.o
                0x7000292c                LPUART3_DriverIRQHandler
 .text.LPUART4_DriverIRQHandler
                0x7000294c       0x20 CMakeFiles/evkmimxrt1064_lpuart_interrupt.elf.dir/C_/AI/mcu_ex/example/evkmimxrt1064_lpuart_interrupt/drivers/fsl_lpuart.o
                0x7000294c                LPUART4_DriverIRQHandler
 .text.LPUART6_DriverIRQHandler
                0x7000296c       0x20 CMakeFiles/evkmimxrt1064_lpuart_interrupt.elf.dir/C_/AI/mcu_ex/example/evkmimxrt1064_lpuart_interrupt/drivers/fsl_lpuart.o
                0x7000296c                LPUART6_DriverIRQHandler
 .text.LPUART7_DriverIRQHandler
                0x7000298c       0x20 CMakeFiles/evkmimxrt1064_lpuart_interrupt.elf.dir/C_/AI/mcu_ex/example/evkmimxrt1064_lpuart_interrupt/drivers/fsl_lpuart.o
                0x7000298c                LPUART7_DriverIRQHandler
 .text.LPUART8_DriverIRQHandler
                0x700029ac       0x20 CMakeFiles/evkmimxrt1064_lpuart_interrupt.elf.dir/C_/AI/mcu_ex/example/evkmimxrt1064_lpuart_interrupt/drivers/fsl_lpuart.o
                0x700029ac                LPUART8_DriverIRQHandler
 .text.CLOCK_GetOscFreq
                0x700029cc       0x24 CMakeFiles/evkmimxrt1064_lpuart_interrupt.elf.dir/C_/AI/mcu_ex/example/evkmimxrt1064_lpuart_interrupt/drivers/fsl_clock.o
 .text.CLOCK_InitExternalClk
                0x700029f0       0x58 CMakeFiles/evkmimxrt1064_lpuart_interrupt.elf.dir/C_/AI/mcu_ex/example/evkmimxrt1064_lpuart_interrupt/drivers/fsl_clock.o
                0x700029f0                CLOCK_InitExternalClk
 .text.CLOCK_SwitchOsc
                0x70002a48       0x1c CMakeFiles/evkmimxrt1064_lpuart_interrupt.elf.dir/C_/AI/mcu_ex/example/evkmimxrt1064_lpuart_interrupt/drivers/fsl_clock.o
                0x70002a48                CLOCK_SwitchOsc
 .text.CLOCK_InitRcOsc24M
                0x70002a64       0x14 CMakeFiles/evkmimxrt1064_lpuart_interrupt.elf.dir/C_/AI/mcu_ex/example/evkmimxrt1064_lpuart_interrupt/drivers/fsl_clock.o
                0x70002a64                CLOCK_InitRcOsc24M
 .text.CLOCK_InitArmPll
                0x70002a78       0x48 CMakeFiles/evkmimxrt1064_lpuart_interrupt.elf.dir/C_/AI/mcu_ex/example/evkmimxrt1064_lpuart_interrupt/drivers/fsl_clock.o
                0x70002a78                CLOCK_InitArmPll
 .text.CLOCK_InitSysPll
                0x70002ac0       0x6c CMakeFiles/evkmimxrt1064_lpuart_interrupt.elf.dir/C_/AI/mcu_ex/example/evkmimxrt1064_lpuart_interrupt/drivers/fsl_clock.o
                0x70002ac0                CLOCK_InitSysPll
 .text.CLOCK_DeinitUsb2Pll
                0x70002b2c        0xc CMakeFiles/evkmimxrt1064_lpuart_interrupt.elf.dir/C_/AI/mcu_ex/example/evkmimxrt1064_lpuart_interrupt/drivers/fsl_clock.o
                0x70002b2c                CLOCK_DeinitUsb2Pll
 .text.CLOCK_DeinitAudioPll
                0x70002b38       0x10 CMakeFiles/evkmimxrt1064_lpuart_interrupt.elf.dir/C_/AI/mcu_ex/example/evkmimxrt1064_lpuart_interrupt/drivers/fsl_clock.o
                0x70002b38                CLOCK_DeinitAudioPll
 .text.CLOCK_DeinitEnetPll
                0x70002b48       0x10 CMakeFiles/evkmimxrt1064_lpuart_interrupt.elf.dir/C_/AI/mcu_ex/example/evkmimxrt1064_lpuart_interrupt/drivers/fsl_clock.o
                0x70002b48                CLOCK_DeinitEnetPll
 .text.CLOCK_GetPllFreq
                0x70002b58      0x29c CMakeFiles/evkmimxrt1064_lpuart_interrupt.elf.dir/C_/AI/mcu_ex/example/evkmimxrt1064_lpuart_interrupt/drivers/fsl_clock.o
                0x70002b58                CLOCK_GetPllFreq
 .text.CLOCK_InitSysPfd
                0x70002df4       0x34 CMakeFiles/evkmimxrt1064_lpuart_interrupt.elf.dir/C_/AI/mcu_ex/example/evkmimxrt1064_lpuart_interrupt/drivers/fsl_clock.o
                0x70002df4                CLOCK_InitSysPfd
 .text.SystemInit
                0x70002e28      0x104 CMakeFiles/evkmimxrt1064_lpuart_interrupt.elf.dir/C_/AI/mcu_ex/example/evkmimxrt1064_lpuart_interrupt/device/system_MIMXRT1064.o
                0x70002e28                SystemInit
 .text.CLOCK_ControlGate
                0x70002f2c       0x44 CMakeFiles/evkmimxrt1064_lpuart_interrupt.elf.dir/C_/AI/mcu_ex/example/evkmimxrt1064_lpuart_interrupt/board/pin_mux.o
 .text.BOARD_InitPins
                0x70002f70       0x7c CMakeFiles/evkmimxrt1064_lpuart_interrupt.elf.dir/C_/AI/mcu_ex/example/evkmimxrt1064_lpuart_interrupt/board/pin_mux.o
                0x70002f70                BOARD_InitPins
 .text.CLOCK_SetMux
                0x70002fec       0x60 CMakeFiles/evkmimxrt1064_lpuart_interrupt.elf.dir/C_/AI/mcu_ex/example/evkmimxrt1064_lpuart_interrupt/board/clock_config.o
 .text.CLOCK_SetDiv
                0x7000304c       0x60 CMakeFiles/evkmimxrt1064_lpuart_interrupt.elf.dir/C_/AI/mcu_ex/example/evkmimxrt1064_lpuart_interrupt/board/clock_config.o
 .text.CLOCK_ControlGate
                0x700030ac       0x44 CMakeFiles/evkmimxrt1064_lpuart_interrupt.elf.dir/C_/AI/mcu_ex/example/evkmimxrt1064_lpuart_interrupt/board/clock_config.o
 .text.CLOCK_SetXtalFreq
                0x700030f0        0xc CMakeFiles/evkmimxrt1064_lpuart_interrupt.elf.dir/C_/AI/mcu_ex/example/evkmimxrt1064_lpuart_interrupt/board/clock_config.o
 .text.CLOCK_SetRtcXtalFreq
                0x700030fc        0xc CMakeFiles/evkmimxrt1064_lpuart_interrupt.elf.dir/C_/AI/mcu_ex/example/evkmimxrt1064_lpuart_interrupt/board/clock_config.o
 .text.IOMUXC_EnableMode
                0x70003108       0x1c CMakeFiles/evkmimxrt1064_lpuart_interrupt.elf.dir/C_/AI/mcu_ex/example/evkmimxrt1064_lpuart_interrupt/board/clock_config.o
 .text.IOMUXC_MQSConfig
                0x70003124       0x20 CMakeFiles/evkmimxrt1064_lpuart_interrupt.elf.dir/C_/AI/mcu_ex/example/evkmimxrt1064_lpuart_interrupt/board/clock_config.o
 .text.BOARD_BootClockRUN
                0x70003144      0x64c CMakeFiles/evkmimxrt1064_lpuart_interrupt.elf.dir/C_/AI/mcu_ex/example/evkmimxrt1064_lpuart_interrupt/board/clock_config.o
                0x70003144                BOARD_BootClockRUN
 .text.ARM_MPU_Enable
                0x70003790       0x40 CMakeFiles/evkmimxrt1064_lpuart_interrupt.elf.dir/C_/AI/mcu_ex/example/evkmimxrt1064_lpuart_interrupt/board/board.o
 .text.ARM_MPU_Disable
                0x700037d0       0x34 CMakeFiles/evkmimxrt1064_lpuart_interrupt.elf.dir/C_/AI/mcu_ex/example/evkmimxrt1064_lpuart_interrupt/board/board.o
 .text.CLOCK_GetMux
                0x70003804       0x1c CMakeFiles/evkmimxrt1064_lpuart_interrupt.elf.dir/C_/AI/mcu_ex/example/evkmimxrt1064_lpuart_interrupt/board/board.o
 .text.CLOCK_GetDiv
                0x70003820       0x1c CMakeFiles/evkmimxrt1064_lpuart_interrupt.elf.dir/C_/AI/mcu_ex/example/evkmimxrt1064_lpuart_interrupt/board/board.o
 .text.CLOCK_GetOscFreq
                0x7000383c       0x24 CMakeFiles/evkmimxrt1064_lpuart_interrupt.elf.dir/C_/AI/mcu_ex/example/evkmimxrt1064_lpuart_interrupt/board/board.o
 .text.BOARD_DebugConsoleSrcFreq
                0x70003860       0x4c CMakeFiles/evkmimxrt1064_lpuart_interrupt.elf.dir/C_/AI/mcu_ex/example/evkmimxrt1064_lpuart_interrupt/board/board.o
                0x70003860                BOARD_DebugConsoleSrcFreq
 .text.BOARD_ConfigMPU
                0x700038ac      0x2a4 CMakeFiles/evkmimxrt1064_lpuart_interrupt.elf.dir/C_/AI/mcu_ex/example/evkmimxrt1064_lpuart_interrupt/board/board.o
                0x700038ac                BOARD_ConfigMPU
 .text.DMA0_DMA16_IRQHandler
                0x70003b50        0x8 CMakeFiles/evkmimxrt1064_lpuart_interrupt.elf.dir/C_/AI/mcu_ex/example/evkmimxrt1064_lpuart_interrupt/startup/startup_mimxrt1064.o
                0x70003b50                DMA0_DMA16_IRQHandler
 .text.DMA1_DMA17_IRQHandler
                0x70003b58        0x8 CMakeFiles/evkmimxrt1064_lpuart_interrupt.elf.dir/C_/AI/mcu_ex/example/evkmimxrt1064_lpuart_interrupt/startup/startup_mimxrt1064.o
                0x70003b58                DMA1_DMA17_IRQHandler
 .text.DMA2_DMA18_IRQHandler
                0x70003b60        0x8 CMakeFiles/evkmimxrt1064_lpuart_interrupt.elf.dir/C_/AI/mcu_ex/example/evkmimxrt1064_lpuart_interrupt/startup/startup_mimxrt1064.o
                0x70003b60                DMA2_DMA18_IRQHandler
 .text.DMA3_DMA19_IRQHandler
                0x70003b68        0x8 CMakeFiles/evkmimxrt1064_lpuart_interrupt.elf.dir/C_/AI/mcu_ex/example/evkmimxrt1064_lpuart_interrupt/startup/startup_mimxrt1064.o
                0x70003b68                DMA3_DMA19_IRQHandler
 .text.DMA4_DMA20_IRQHandler
                0x70003b70        0x8 CMakeFiles/evkmimxrt1064_lpuart_interrupt.elf.dir/C_/AI/mcu_ex/example/evkmimxrt1064_lpuart_interrupt/startup/startup_mimxrt1064.o
                0x70003b70                DMA4_DMA20_IRQHandler
 .text.DMA5_DMA21_IRQHandler
                0x70003b78        0x8 CMakeFiles/evkmimxrt1064_lpuart_interrupt.elf.dir/C_/AI/mcu_ex/example/evkmimxrt1064_lpuart_interrupt/startup/startup_mimxrt1064.o
                0x70003b78                DMA5_DMA21_IRQHandler
 .text.DMA6_DMA22_IRQHandler
                0x70003b80        0x8 CMakeFiles/evkmimxrt1064_lpuart_interrupt.elf.dir/C_/AI/mcu_ex/example/evkmimxrt1064_lpuart_interrupt/startup/startup_mimxrt1064.o
                0x70003b80                DMA6_DMA22_IRQHandler
 .text.DMA7_DMA23_IRQHandler
                0x70003b88        0x8 CMakeFiles/evkmimxrt1064_lpuart_interrupt.elf.dir/C_/AI/mcu_ex/example/evkmimxrt1064_lpuart_interrupt/startup/startup_mimxrt1064.o
                0x70003b88                DMA7_DMA23_IRQHandler
 .text.DMA8_DMA24_IRQHandler
                0x70003b90        0x8 CMakeFiles/evkmimxrt1064_lpuart_interrupt.elf.dir/C_/AI/mcu_ex/example/evkmimxrt1064_lpuart_interrupt/startup/startup_mimxrt1064.o
                0x70003b90                DMA8_DMA24_IRQHandler
 .text.DMA9_DMA25_IRQHandler
                0x70003b98        0x8 CMakeFiles/evkmimxrt1064_lpuart_interrupt.elf.dir/C_/AI/mcu_ex/example/evkmimxrt1064_lpuart_interrupt/startup/startup_mimxrt1064.o
                0x70003b98                DMA9_DMA25_IRQHandler
 .text.DMA10_DMA26_IRQHandler
                0x70003ba0        0x8 CMakeFiles/evkmimxrt1064_lpuart_interrupt.elf.dir/C_/AI/mcu_ex/example/evkmimxrt1064_lpuart_interrupt/startup/startup_mimxrt1064.o
                0x70003ba0                DMA10_DMA26_IRQHandler
 .text.DMA11_DMA27_IRQHandler
                0x70003ba8        0x8 CMakeFiles/evkmimxrt1064_lpuart_interrupt.elf.dir/C_/AI/mcu_ex/example/evkmimxrt1064_lpuart_interrupt/startup/startup_mimxrt1064.o
                0x70003ba8                DMA11_DMA27_IRQHandler
 .text.DMA12_DMA28_IRQHandler
                0x70003bb0        0x8 CMakeFiles/evkmimxrt1064_lpuart_interrupt.elf.dir/C_/AI/mcu_ex/example/evkmimxrt1064_lpuart_interrupt/startup/startup_mimxrt1064.o
                0x70003bb0                DMA12_DMA28_IRQHandler
 .text.DMA13_DMA29_IRQHandler
                0x70003bb8        0x8 CMakeFiles/evkmimxrt1064_lpuart_interrupt.elf.dir/C_/AI/mcu_ex/example/evkmimxrt1064_lpuart_interrupt/startup/startup_mimxrt1064.o
                0x70003bb8                DMA13_DMA29_IRQHandler
 .text.DMA14_DMA30_IRQHandler
                0x70003bc0        0x8 CMakeFiles/evkmimxrt1064_lpuart_interrupt.elf.dir/C_/AI/mcu_ex/example/evkmimxrt1064_lpuart_interrupt/startup/startup_mimxrt1064.o
                0x70003bc0                DMA14_DMA30_IRQHandler
 .text.DMA15_DMA31_IRQHandler
                0x70003bc8        0x8 CMakeFiles/evkmimxrt1064_lpuart_interrupt.elf.dir/C_/AI/mcu_ex/example/evkmimxrt1064_lpuart_interrupt/startup/startup_mimxrt1064.o
                0x70003bc8                DMA15_DMA31_IRQHandler
 .text.DMA_ERROR_IRQHandler
                0x70003bd0        0x8 CMakeFiles/evkmimxrt1064_lpuart_interrupt.elf.dir/C_/AI/mcu_ex/example/evkmimxrt1064_lpuart_interrupt/startup/startup_mimxrt1064.o
                0x70003bd0                DMA_ERROR_IRQHandler
 .text.CTI0_ERROR_IRQHandler
                0x70003bd8        0x8 CMakeFiles/evkmimxrt1064_lpuart_interrupt.elf.dir/C_/AI/mcu_ex/example/evkmimxrt1064_lpuart_interrupt/startup/startup_mimxrt1064.o
                0x70003bd8                CTI0_ERROR_IRQHandler
 .text.CTI1_ERROR_IRQHandler
                0x70003be0        0x8 CMakeFiles/evkmimxrt1064_lpuart_interrupt.elf.dir/C_/AI/mcu_ex/example/evkmimxrt1064_lpuart_interrupt/startup/startup_mimxrt1064.o
                0x70003be0                CTI1_ERROR_IRQHandler
 .text.CORE_IRQHandler
                0x70003be8        0x8 CMakeFiles/evkmimxrt1064_lpuart_interrupt.elf.dir/C_/AI/mcu_ex/example/evkmimxrt1064_lpuart_interrupt/startup/startup_mimxrt1064.o
                0x70003be8                CORE_IRQHandler
 .text.LPUART1_IRQHandler
                0x70003bf0        0x8 CMakeFiles/evkmimxrt1064_lpuart_interrupt.elf.dir/C_/AI/mcu_ex/example/evkmimxrt1064_lpuart_interrupt/startup/startup_mimxrt1064.o
                0x70003bf0                LPUART1_IRQHandler
 .text.LPUART2_IRQHandler
                0x70003bf8        0x8 CMakeFiles/evkmimxrt1064_lpuart_interrupt.elf.dir/C_/AI/mcu_ex/example/evkmimxrt1064_lpuart_interrupt/startup/startup_mimxrt1064.o
                0x70003bf8                LPUART2_IRQHandler
 .text.LPUART3_IRQHandler
                0x70003c00        0x8 CMakeFiles/evkmimxrt1064_lpuart_interrupt.elf.dir/C_/AI/mcu_ex/example/evkmimxrt1064_lpuart_interrupt/startup/startup_mimxrt1064.o
                0x70003c00                LPUART3_IRQHandler
 .text.LPUART4_IRQHandler
                0x70003c08        0x8 CMakeFiles/evkmimxrt1064_lpuart_interrupt.elf.dir/C_/AI/mcu_ex/example/evkmimxrt1064_lpuart_interrupt/startup/startup_mimxrt1064.o
                0x70003c08                LPUART4_IRQHandler
 .text.LPUART6_IRQHandler
                0x70003c10        0x8 CMakeFiles/evkmimxrt1064_lpuart_interrupt.elf.dir/C_/AI/mcu_ex/example/evkmimxrt1064_lpuart_interrupt/startup/startup_mimxrt1064.o
                0x70003c10                LPUART6_IRQHandler
 .text.LPUART7_IRQHandler
                0x70003c18        0x8 CMakeFiles/evkmimxrt1064_lpuart_interrupt.elf.dir/C_/AI/mcu_ex/example/evkmimxrt1064_lpuart_interrupt/startup/startup_mimxrt1064.o
                0x70003c18                LPUART7_IRQHandler
 .text.LPUART8_IRQHandler
                0x70003c20        0x8 CMakeFiles/evkmimxrt1064_lpuart_interrupt.elf.dir/C_/AI/mcu_ex/example/evkmimxrt1064_lpuart_interrupt/startup/startup_mimxrt1064.o
                0x70003c20                LPUART8_IRQHandler
 .text.LPI2C1_IRQHandler
                0x70003c28        0x8 CMakeFiles/evkmimxrt1064_lpuart_interrupt.elf.dir/C_/AI/mcu_ex/example/evkmimxrt1064_lpuart_interrupt/startup/startup_mimxrt1064.o
                0x70003c28                LPI2C1_IRQHandler
 .text.LPI2C2_IRQHandler
                0x70003c30        0x8 CMakeFiles/evkmimxrt1064_lpuart_interrupt.elf.dir/C_/AI/mcu_ex/example/evkmimxrt1064_lpuart_interrupt/startup/startup_mimxrt1064.o
                0x70003c30                LPI2C2_IRQHandler
 .text.LPI2C3_IRQHandler
                0x70003c38        0x8 CMakeFiles/evkmimxrt1064_lpuart_interrupt.elf.dir/C_/AI/mcu_ex/example/evkmimxrt1064_lpuart_interrupt/startup/startup_mimxrt1064.o
                0x70003c38                LPI2C3_IRQHandler
 .text.LPI2C4_IRQHandler
                0x70003c40        0x8 CMakeFiles/evkmimxrt1064_lpuart_interrupt.elf.dir/C_/AI/mcu_ex/example/evkmimxrt1064_lpuart_interrupt/startup/startup_mimxrt1064.o
                0x70003c40                LPI2C4_IRQHandler
 .text.LPSPI1_IRQHandler
                0x70003c48        0x8 CMakeFiles/evkmimxrt1064_lpuart_interrupt.elf.dir/C_/AI/mcu_ex/example/evkmimxrt1064_lpuart_interrupt/startup/startup_mimxrt1064.o
                0x70003c48                LPSPI1_IRQHandler
 .text.LPSPI2_IRQHandler
                0x70003c50        0x8 CMakeFiles/evkmimxrt1064_lpuart_interrupt.elf.dir/C_/AI/mcu_ex/example/evkmimxrt1064_lpuart_interrupt/startup/startup_mimxrt1064.o
                0x70003c50                LPSPI2_IRQHandler
 .text.LPSPI3_IRQHandler
                0x70003c58        0x8 CMakeFiles/evkmimxrt1064_lpuart_interrupt.elf.dir/C_/AI/mcu_ex/example/evkmimxrt1064_lpuart_interrupt/startup/startup_mimxrt1064.o
                0x70003c58                LPSPI3_IRQHandler
 .text.LPSPI4_IRQHandler
                0x70003c60        0x8 CMakeFiles/evkmimxrt1064_lpuart_interrupt.elf.dir/C_/AI/mcu_ex/example/evkmimxrt1064_lpuart_interrupt/startup/startup_mimxrt1064.o
                0x70003c60                LPSPI4_IRQHandler
 .text.CAN1_IRQHandler
                0x70003c68        0x8 CMakeFiles/evkmimxrt1064_lpuart_interrupt.elf.dir/C_/AI/mcu_ex/example/evkmimxrt1064_lpuart_interrupt/startup/startup_mimxrt1064.o
                0x70003c68                CAN1_IRQHandler
 .text.CAN2_IRQHandler
                0x70003c70        0x8 CMakeFiles/evkmimxrt1064_lpuart_interrupt.elf.dir/C_/AI/mcu_ex/example/evkmimxrt1064_lpuart_interrupt/startup/startup_mimxrt1064.o
                0x70003c70                CAN2_IRQHandler
 .text.FLEXRAM_IRQHandler
                0x70003c78        0x8 CMakeFiles/evkmimxrt1064_lpuart_interrupt.elf.dir/C_/AI/mcu_ex/example/evkmimxrt1064_lpuart_interrupt/startup/startup_mimxrt1064.o
                0x70003c78                FLEXRAM_IRQHandler
 .text.KPP_IRQHandler
                0x70003c80        0x8 CMakeFiles/evkmimxrt1064_lpuart_interrupt.elf.dir/C_/AI/mcu_ex/example/evkmimxrt1064_lpuart_interrupt/startup/startup_mimxrt1064.o
                0x70003c80                KPP_IRQHandler
 .text.TSC_DIG_IRQHandler
                0x70003c88        0x8 CMakeFiles/evkmimxrt1064_lpuart_interrupt.elf.dir/C_/AI/mcu_ex/example/evkmimxrt1064_lpuart_interrupt/startup/startup_mimxrt1064.o
                0x70003c88                TSC_DIG_IRQHandler
 .text.GPR_IRQ_IRQHandler
                0x70003c90        0x8 CMakeFiles/evkmimxrt1064_lpuart_interrupt.elf.dir/C_/AI/mcu_ex/example/evkmimxrt1064_lpuart_interrupt/startup/startup_mimxrt1064.o
                0x70003c90                GPR_IRQ_IRQHandler
 .text.LCDIF_IRQHandler
                0x70003c98        0x8 CMakeFiles/evkmimxrt1064_lpuart_interrupt.elf.dir/C_/AI/mcu_ex/example/evkmimxrt1064_lpuart_interrupt/startup/startup_mimxrt1064.o
                0x70003c98                LCDIF_IRQHandler
 .text.CSI_IRQHandler
                0x70003ca0        0x8 CMakeFiles/evkmimxrt1064_lpuart_interrupt.elf.dir/C_/AI/mcu_ex/example/evkmimxrt1064_lpuart_interrupt/startup/startup_mimxrt1064.o
                0x70003ca0                CSI_IRQHandler
 .text.PXP_IRQHandler
                0x70003ca8        0x8 CMakeFiles/evkmimxrt1064_lpuart_interrupt.elf.dir/C_/AI/mcu_ex/example/evkmimxrt1064_lpuart_interrupt/startup/startup_mimxrt1064.o
                0x70003ca8                PXP_IRQHandler
 .text.WDOG2_IRQHandler
                0x70003cb0        0x8 CMakeFiles/evkmimxrt1064_lpuart_interrupt.elf.dir/C_/AI/mcu_ex/example/evkmimxrt1064_lpuart_interrupt/startup/startup_mimxrt1064.o
                0x70003cb0                WDOG2_IRQHandler
 .text.SNVS_HP_WRAPPER_IRQHandler
                0x70003cb8        0x8 CMakeFiles/evkmimxrt1064_lpuart_interrupt.elf.dir/C_/AI/mcu_ex/example/evkmimxrt1064_lpuart_interrupt/startup/startup_mimxrt1064.o
                0x70003cb8                SNVS_HP_WRAPPER_IRQHandler
 .text.SNVS_HP_WRAPPER_TZ_IRQHandler
                0x70003cc0        0x8 CMakeFiles/evkmimxrt1064_lpuart_interrupt.elf.dir/C_/AI/mcu_ex/example/evkmimxrt1064_lpuart_interrupt/startup/startup_mimxrt1064.o
                0x70003cc0                SNVS_HP_WRAPPER_TZ_IRQHandler
 .text.SNVS_LP_WRAPPER_IRQHandler
                0x70003cc8        0x8 CMakeFiles/evkmimxrt1064_lpuart_interrupt.elf.dir/C_/AI/mcu_ex/example/evkmimxrt1064_lpuart_interrupt/startup/startup_mimxrt1064.o
                0x70003cc8                SNVS_LP_WRAPPER_IRQHandler
 .text.CSU_IRQHandler
                0x70003cd0        0x8 CMakeFiles/evkmimxrt1064_lpuart_interrupt.elf.dir/C_/AI/mcu_ex/example/evkmimxrt1064_lpuart_interrupt/startup/startup_mimxrt1064.o
                0x70003cd0                CSU_IRQHandler
 .text.DCP_IRQHandler
                0x70003cd8        0x8 CMakeFiles/evkmimxrt1064_lpuart_interrupt.elf.dir/C_/AI/mcu_ex/example/evkmimxrt1064_lpuart_interrupt/startup/startup_mimxrt1064.o
                0x70003cd8                DCP_IRQHandler
 .text.DCP_VMI_IRQHandler
                0x70003ce0        0x8 CMakeFiles/evkmimxrt1064_lpuart_interrupt.elf.dir/C_/AI/mcu_ex/example/evkmimxrt1064_lpuart_interrupt/startup/startup_mimxrt1064.o
                0x70003ce0                DCP_VMI_IRQHandler
 .text.Reserved68_IRQHandler
                0x70003ce8        0x8 CMakeFiles/evkmimxrt1064_lpuart_interrupt.elf.dir/C_/AI/mcu_ex/example/evkmimxrt1064_lpuart_interrupt/startup/startup_mimxrt1064.o
                0x70003ce8                Reserved68_IRQHandler
 .text.TRNG_IRQHandler
                0x70003cf0        0x8 CMakeFiles/evkmimxrt1064_lpuart_interrupt.elf.dir/C_/AI/mcu_ex/example/evkmimxrt1064_lpuart_interrupt/startup/startup_mimxrt1064.o
                0x70003cf0                TRNG_IRQHandler
 .text.SJC_IRQHandler
                0x70003cf8        0x8 CMakeFiles/evkmimxrt1064_lpuart_interrupt.elf.dir/C_/AI/mcu_ex/example/evkmimxrt1064_lpuart_interrupt/startup/startup_mimxrt1064.o
                0x70003cf8                SJC_IRQHandler
 .text.BEE_IRQHandler
                0x70003d00        0x8 CMakeFiles/evkmimxrt1064_lpuart_interrupt.elf.dir/C_/AI/mcu_ex/example/evkmimxrt1064_lpuart_interrupt/startup/startup_mimxrt1064.o
                0x70003d00                BEE_IRQHandler
 .text.SAI1_IRQHandler
                0x70003d08        0x8 CMakeFiles/evkmimxrt1064_lpuart_interrupt.elf.dir/C_/AI/mcu_ex/example/evkmimxrt1064_lpuart_interrupt/startup/startup_mimxrt1064.o
                0x70003d08                SAI1_IRQHandler
 .text.SAI2_IRQHandler
                0x70003d10        0x8 CMakeFiles/evkmimxrt1064_lpuart_interrupt.elf.dir/C_/AI/mcu_ex/example/evkmimxrt1064_lpuart_interrupt/startup/startup_mimxrt1064.o
                0x70003d10                SAI2_IRQHandler
 .text.SAI3_RX_IRQHandler
                0x70003d18        0x8 CMakeFiles/evkmimxrt1064_lpuart_interrupt.elf.dir/C_/AI/mcu_ex/example/evkmimxrt1064_lpuart_interrupt/startup/startup_mimxrt1064.o
                0x70003d18                SAI3_RX_IRQHandler
 .text.SAI3_TX_IRQHandler
                0x70003d20        0x8 CMakeFiles/evkmimxrt1064_lpuart_interrupt.elf.dir/C_/AI/mcu_ex/example/evkmimxrt1064_lpuart_interrupt/startup/startup_mimxrt1064.o
                0x70003d20                SAI3_TX_IRQHandler
 .text.SPDIF_IRQHandler
                0x70003d28        0x8 CMakeFiles/evkmimxrt1064_lpuart_interrupt.elf.dir/C_/AI/mcu_ex/example/evkmimxrt1064_lpuart_interrupt/startup/startup_mimxrt1064.o
                0x70003d28                SPDIF_IRQHandler
 .text.PMU_EVENT_IRQHandler
                0x70003d30        0x8 CMakeFiles/evkmimxrt1064_lpuart_interrupt.elf.dir/C_/AI/mcu_ex/example/evkmimxrt1064_lpuart_interrupt/startup/startup_mimxrt1064.o
                0x70003d30                PMU_EVENT_IRQHandler
 .text.Reserved78_IRQHandler
                0x70003d38        0x8 CMakeFiles/evkmimxrt1064_lpuart_interrupt.elf.dir/C_/AI/mcu_ex/example/evkmimxrt1064_lpuart_interrupt/startup/startup_mimxrt1064.o
                0x70003d38                Reserved78_IRQHandler
 .text.TEMP_LOW_HIGH_IRQHandler
                0x70003d40        0x8 CMakeFiles/evkmimxrt1064_lpuart_interrupt.elf.dir/C_/AI/mcu_ex/example/evkmimxrt1064_lpuart_interrupt/startup/startup_mimxrt1064.o
                0x70003d40                TEMP_LOW_HIGH_IRQHandler
 .text.TEMP_PANIC_IRQHandler
                0x70003d48        0x8 CMakeFiles/evkmimxrt1064_lpuart_interrupt.elf.dir/C_/AI/mcu_ex/example/evkmimxrt1064_lpuart_interrupt/startup/startup_mimxrt1064.o
                0x70003d48                TEMP_PANIC_IRQHandler
 .text.USB_PHY1_IRQHandler
                0x70003d50        0x8 CMakeFiles/evkmimxrt1064_lpuart_interrupt.elf.dir/C_/AI/mcu_ex/example/evkmimxrt1064_lpuart_interrupt/startup/startup_mimxrt1064.o
                0x70003d50                USB_PHY1_IRQHandler
 .text.USB_PHY2_IRQHandler
                0x70003d58        0x8 CMakeFiles/evkmimxrt1064_lpuart_interrupt.elf.dir/C_/AI/mcu_ex/example/evkmimxrt1064_lpuart_interrupt/startup/startup_mimxrt1064.o
                0x70003d58                USB_PHY2_IRQHandler
 .text.ADC1_IRQHandler
                0x70003d60        0x8 CMakeFiles/evkmimxrt1064_lpuart_interrupt.elf.dir/C_/AI/mcu_ex/example/evkmimxrt1064_lpuart_interrupt/startup/startup_mimxrt1064.o
                0x70003d60                ADC1_IRQHandler
 .text.ADC2_IRQHandler
                0x70003d68        0x8 CMakeFiles/evkmimxrt1064_lpuart_interrupt.elf.dir/C_/AI/mcu_ex/example/evkmimxrt1064_lpuart_interrupt/startup/startup_mimxrt1064.o
                0x70003d68                ADC2_IRQHandler
 .text.DCDC_IRQHandler
                0x70003d70        0x8 CMakeFiles/evkmimxrt1064_lpuart_interrupt.elf.dir/C_/AI/mcu_ex/example/evkmimxrt1064_lpuart_interrupt/startup/startup_mimxrt1064.o
                0x70003d70                DCDC_IRQHandler
 .text.Reserved86_IRQHandler
                0x70003d78        0x8 CMakeFiles/evkmimxrt1064_lpuart_interrupt.elf.dir/C_/AI/mcu_ex/example/evkmimxrt1064_lpuart_interrupt/startup/startup_mimxrt1064.o
                0x70003d78                Reserved86_IRQHandler
 .text.Reserved87_IRQHandler
                0x70003d80        0x8 CMakeFiles/evkmimxrt1064_lpuart_interrupt.elf.dir/C_/AI/mcu_ex/example/evkmimxrt1064_lpuart_interrupt/startup/startup_mimxrt1064.o
                0x70003d80                Reserved87_IRQHandler
 .text.GPIO1_INT0_IRQHandler
                0x70003d88        0x8 CMakeFiles/evkmimxrt1064_lpuart_interrupt.elf.dir/C_/AI/mcu_ex/example/evkmimxrt1064_lpuart_interrupt/startup/startup_mimxrt1064.o
                0x70003d88                GPIO1_INT0_IRQHandler
 .text.GPIO1_INT1_IRQHandler
                0x70003d90        0x8 CMakeFiles/evkmimxrt1064_lpuart_interrupt.elf.dir/C_/AI/mcu_ex/example/evkmimxrt1064_lpuart_interrupt/startup/startup_mimxrt1064.o
                0x70003d90                GPIO1_INT1_IRQHandler
 .text.GPIO1_INT2_IRQHandler
                0x70003d98        0x8 CMakeFiles/evkmimxrt1064_lpuart_interrupt.elf.dir/C_/AI/mcu_ex/example/evkmimxrt1064_lpuart_interrupt/startup/startup_mimxrt1064.o
                0x70003d98                GPIO1_INT2_IRQHandler
 .text.GPIO1_INT3_IRQHandler
                0x70003da0        0x8 CMakeFiles/evkmimxrt1064_lpuart_interrupt.elf.dir/C_/AI/mcu_ex/example/evkmimxrt1064_lpuart_interrupt/startup/startup_mimxrt1064.o
                0x70003da0                GPIO1_INT3_IRQHandler
 .text.GPIO1_INT4_IRQHandler
                0x70003da8        0x8 CMakeFiles/evkmimxrt1064_lpuart_interrupt.elf.dir/C_/AI/mcu_ex/example/evkmimxrt1064_lpuart_interrupt/startup/startup_mimxrt1064.o
                0x70003da8                GPIO1_INT4_IRQHandler
 .text.GPIO1_INT5_IRQHandler
                0x70003db0        0x8 CMakeFiles/evkmimxrt1064_lpuart_interrupt.elf.dir/C_/AI/mcu_ex/example/evkmimxrt1064_lpuart_interrupt/startup/startup_mimxrt1064.o
                0x70003db0                GPIO1_INT5_IRQHandler
 .text.GPIO1_INT6_IRQHandler
                0x70003db8        0x8 CMakeFiles/evkmimxrt1064_lpuart_interrupt.elf.dir/C_/AI/mcu_ex/example/evkmimxrt1064_lpuart_interrupt/startup/startup_mimxrt1064.o
                0x70003db8                GPIO1_INT6_IRQHandler
 .text.GPIO1_INT7_IRQHandler
                0x70003dc0        0x8 CMakeFiles/evkmimxrt1064_lpuart_interrupt.elf.dir/C_/AI/mcu_ex/example/evkmimxrt1064_lpuart_interrupt/startup/startup_mimxrt1064.o
                0x70003dc0                GPIO1_INT7_IRQHandler
 .text.GPIO1_Combined_0_15_IRQHandler
                0x70003dc8        0x8 CMakeFiles/evkmimxrt1064_lpuart_interrupt.elf.dir/C_/AI/mcu_ex/example/evkmimxrt1064_lpuart_interrupt/startup/startup_mimxrt1064.o
                0x70003dc8                GPIO1_Combined_0_15_IRQHandler
 .text.GPIO1_Combined_16_31_IRQHandler
                0x70003dd0        0x8 CMakeFiles/evkmimxrt1064_lpuart_interrupt.elf.dir/C_/AI/mcu_ex/example/evkmimxrt1064_lpuart_interrupt/startup/startup_mimxrt1064.o
                0x70003dd0                GPIO1_Combined_16_31_IRQHandler
 .text.GPIO2_Combined_0_15_IRQHandler
                0x70003dd8        0x8 CMakeFiles/evkmimxrt1064_lpuart_interrupt.elf.dir/C_/AI/mcu_ex/example/evkmimxrt1064_lpuart_interrupt/startup/startup_mimxrt1064.o
                0x70003dd8                GPIO2_Combined_0_15_IRQHandler
 .text.GPIO2_Combined_16_31_IRQHandler
                0x70003de0        0x8 CMakeFiles/evkmimxrt1064_lpuart_interrupt.elf.dir/C_/AI/mcu_ex/example/evkmimxrt1064_lpuart_interrupt/startup/startup_mimxrt1064.o
                0x70003de0                GPIO2_Combined_16_31_IRQHandler
 .text.GPIO3_Combined_0_15_IRQHandler
                0x70003de8        0x8 CMakeFiles/evkmimxrt1064_lpuart_interrupt.elf.dir/C_/AI/mcu_ex/example/evkmimxrt1064_lpuart_interrupt/startup/startup_mimxrt1064.o
                0x70003de8                GPIO3_Combined_0_15_IRQHandler
 .text.GPIO3_Combined_16_31_IRQHandler
                0x70003df0        0x8 CMakeFiles/evkmimxrt1064_lpuart_interrupt.elf.dir/C_/AI/mcu_ex/example/evkmimxrt1064_lpuart_interrupt/startup/startup_mimxrt1064.o
                0x70003df0                GPIO3_Combined_16_31_IRQHandler
 .text.GPIO4_Combined_0_15_IRQHandler
                0x70003df8        0x8 CMakeFiles/evkmimxrt1064_lpuart_interrupt.elf.dir/C_/AI/mcu_ex/example/evkmimxrt1064_lpuart_interrupt/startup/startup_mimxrt1064.o
                0x70003df8                GPIO4_Combined_0_15_IRQHandler
 .text.GPIO4_Combined_16_31_IRQHandler
                0x70003e00        0x8 CMakeFiles/evkmimxrt1064_lpuart_interrupt.elf.dir/C_/AI/mcu_ex/example/evkmimxrt1064_lpuart_interrupt/startup/startup_mimxrt1064.o
                0x70003e00                GPIO4_Combined_16_31_IRQHandler
 .text.GPIO5_Combined_0_15_IRQHandler
                0x70003e08        0x8 CMakeFiles/evkmimxrt1064_lpuart_interrupt.elf.dir/C_/AI/mcu_ex/example/evkmimxrt1064_lpuart_interrupt/startup/startup_mimxrt1064.o
                0x70003e08                GPIO5_Combined_0_15_IRQHandler
 .text.GPIO5_Combined_16_31_IRQHandler
                0x70003e10        0x8 CMakeFiles/evkmimxrt1064_lpuart_interrupt.elf.dir/C_/AI/mcu_ex/example/evkmimxrt1064_lpuart_interrupt/startup/startup_mimxrt1064.o
                0x70003e10                GPIO5_Combined_16_31_IRQHandler
 .text.FLEXIO1_IRQHandler
                0x70003e18        0x8 CMakeFiles/evkmimxrt1064_lpuart_interrupt.elf.dir/C_/AI/mcu_ex/example/evkmimxrt1064_lpuart_interrupt/startup/startup_mimxrt1064.o
                0x70003e18                FLEXIO1_IRQHandler
 .text.FLEXIO2_IRQHandler
                0x70003e20        0x8 CMakeFiles/evkmimxrt1064_lpuart_interrupt.elf.dir/C_/AI/mcu_ex/example/evkmimxrt1064_lpuart_interrupt/startup/startup_mimxrt1064.o
                0x70003e20                FLEXIO2_IRQHandler
 .text.WDOG1_IRQHandler
                0x70003e28        0x8 CMakeFiles/evkmimxrt1064_lpuart_interrupt.elf.dir/C_/AI/mcu_ex/example/evkmimxrt1064_lpuart_interrupt/startup/startup_mimxrt1064.o
                0x70003e28                WDOG1_IRQHandler
 .text.RTWDOG_IRQHandler
                0x70003e30        0x8 CMakeFiles/evkmimxrt1064_lpuart_interrupt.elf.dir/C_/AI/mcu_ex/example/evkmimxrt1064_lpuart_interrupt/startup/startup_mimxrt1064.o
                0x70003e30                RTWDOG_IRQHandler
 .text.EWM_IRQHandler
                0x70003e38        0x8 CMakeFiles/evkmimxrt1064_lpuart_interrupt.elf.dir/C_/AI/mcu_ex/example/evkmimxrt1064_lpuart_interrupt/startup/startup_mimxrt1064.o
                0x70003e38                EWM_IRQHandler
 .text.CCM_1_IRQHandler
                0x70003e40        0x8 CMakeFiles/evkmimxrt1064_lpuart_interrupt.elf.dir/C_/AI/mcu_ex/example/evkmimxrt1064_lpuart_interrupt/startup/startup_mimxrt1064.o
                0x70003e40                CCM_1_IRQHandler
 .text.CCM_2_IRQHandler
                0x70003e48        0x8 CMakeFiles/evkmimxrt1064_lpuart_interrupt.elf.dir/C_/AI/mcu_ex/example/evkmimxrt1064_lpuart_interrupt/startup/startup_mimxrt1064.o
                0x70003e48                CCM_2_IRQHandler
 .text.GPC_IRQHandler
                0x70003e50        0x8 CMakeFiles/evkmimxrt1064_lpuart_interrupt.elf.dir/C_/AI/mcu_ex/example/evkmimxrt1064_lpuart_interrupt/startup/startup_mimxrt1064.o
                0x70003e50                GPC_IRQHandler
 .text.SRC_IRQHandler
                0x70003e58        0x8 CMakeFiles/evkmimxrt1064_lpuart_interrupt.elf.dir/C_/AI/mcu_ex/example/evkmimxrt1064_lpuart_interrupt/startup/startup_mimxrt1064.o
                0x70003e58                SRC_IRQHandler
 .text.Reserved115_IRQHandler
                0x70003e60        0x8 CMakeFiles/evkmimxrt1064_lpuart_interrupt.elf.dir/C_/AI/mcu_ex/example/evkmimxrt1064_lpuart_interrupt/startup/startup_mimxrt1064.o
                0x70003e60                Reserved115_IRQHandler
 .text.GPT1_IRQHandler
                0x70003e68        0x8 CMakeFiles/evkmimxrt1064_lpuart_interrupt.elf.dir/C_/AI/mcu_ex/example/evkmimxrt1064_lpuart_interrupt/startup/startup_mimxrt1064.o
                0x70003e68                GPT1_IRQHandler
 .text.GPT2_IRQHandler
                0x70003e70        0x8 CMakeFiles/evkmimxrt1064_lpuart_interrupt.elf.dir/C_/AI/mcu_ex/example/evkmimxrt1064_lpuart_interrupt/startup/startup_mimxrt1064.o
                0x70003e70                GPT2_IRQHandler
 .text.PWM1_0_IRQHandler
                0x70003e78        0x8 CMakeFiles/evkmimxrt1064_lpuart_interrupt.elf.dir/C_/AI/mcu_ex/example/evkmimxrt1064_lpuart_interrupt/startup/startup_mimxrt1064.o
                0x70003e78                PWM1_0_IRQHandler
 .text.PWM1_1_IRQHandler
                0x70003e80        0x8 CMakeFiles/evkmimxrt1064_lpuart_interrupt.elf.dir/C_/AI/mcu_ex/example/evkmimxrt1064_lpuart_interrupt/startup/startup_mimxrt1064.o
                0x70003e80                PWM1_1_IRQHandler
 .text.PWM1_2_IRQHandler
                0x70003e88        0x8 CMakeFiles/evkmimxrt1064_lpuart_interrupt.elf.dir/C_/AI/mcu_ex/example/evkmimxrt1064_lpuart_interrupt/startup/startup_mimxrt1064.o
                0x70003e88                PWM1_2_IRQHandler
 .text.PWM1_3_IRQHandler
                0x70003e90        0x8 CMakeFiles/evkmimxrt1064_lpuart_interrupt.elf.dir/C_/AI/mcu_ex/example/evkmimxrt1064_lpuart_interrupt/startup/startup_mimxrt1064.o
                0x70003e90                PWM1_3_IRQHandler
 .text.PWM1_FAULT_IRQHandler
                0x70003e98        0x8 CMakeFiles/evkmimxrt1064_lpuart_interrupt.elf.dir/C_/AI/mcu_ex/example/evkmimxrt1064_lpuart_interrupt/startup/startup_mimxrt1064.o
                0x70003e98                PWM1_FAULT_IRQHandler
 .text.FLEXSPI2_IRQHandler
                0x70003ea0        0x8 CMakeFiles/evkmimxrt1064_lpuart_interrupt.elf.dir/C_/AI/mcu_ex/example/evkmimxrt1064_lpuart_interrupt/startup/startup_mimxrt1064.o
                0x70003ea0                FLEXSPI2_IRQHandler
 .text.FLEXSPI_IRQHandler
                0x70003ea8        0x8 CMakeFiles/evkmimxrt1064_lpuart_interrupt.elf.dir/C_/AI/mcu_ex/example/evkmimxrt1064_lpuart_interrupt/startup/startup_mimxrt1064.o
                0x70003ea8                FLEXSPI_IRQHandler
 .text.SEMC_IRQHandler
                0x70003eb0        0x8 CMakeFiles/evkmimxrt1064_lpuart_interrupt.elf.dir/C_/AI/mcu_ex/example/evkmimxrt1064_lpuart_interrupt/startup/startup_mimxrt1064.o
                0x70003eb0                SEMC_IRQHandler
 .text.USDHC1_IRQHandler
                0x70003eb8        0x8 CMakeFiles/evkmimxrt1064_lpuart_interrupt.elf.dir/C_/AI/mcu_ex/example/evkmimxrt1064_lpuart_interrupt/startup/startup_mimxrt1064.o
                0x70003eb8                USDHC1_IRQHandler
 .text.USDHC2_IRQHandler
                0x70003ec0        0x8 CMakeFiles/evkmimxrt1064_lpuart_interrupt.elf.dir/C_/AI/mcu_ex/example/evkmimxrt1064_lpuart_interrupt/startup/startup_mimxrt1064.o
                0x70003ec0                USDHC2_IRQHandler
 .text.USB_OTG2_IRQHandler
                0x70003ec8        0x8 CMakeFiles/evkmimxrt1064_lpuart_interrupt.elf.dir/C_/AI/mcu_ex/example/evkmimxrt1064_lpuart_interrupt/startup/startup_mimxrt1064.o
                0x70003ec8                USB_OTG2_IRQHandler
 .text.USB_OTG1_IRQHandler
                0x70003ed0        0x8 CMakeFiles/evkmimxrt1064_lpuart_interrupt.elf.dir/C_/AI/mcu_ex/example/evkmimxrt1064_lpuart_interrupt/startup/startup_mimxrt1064.o
                0x70003ed0                USB_OTG1_IRQHandler
 .text.ENET_IRQHandler
                0x70003ed8        0x8 CMakeFiles/evkmimxrt1064_lpuart_interrupt.elf.dir/C_/AI/mcu_ex/example/evkmimxrt1064_lpuart_interrupt/startup/startup_mimxrt1064.o
                0x70003ed8                ENET_IRQHandler
 .text.ENET_1588_Timer_IRQHandler
                0x70003ee0        0x8 CMakeFiles/evkmimxrt1064_lpuart_interrupt.elf.dir/C_/AI/mcu_ex/example/evkmimxrt1064_lpuart_interrupt/startup/startup_mimxrt1064.o
                0x70003ee0                ENET_1588_Timer_IRQHandler
 .text.XBAR1_IRQ_0_1_IRQHandler
                0x70003ee8        0x8 CMakeFiles/evkmimxrt1064_lpuart_interrupt.elf.dir/C_/AI/mcu_ex/example/evkmimxrt1064_lpuart_interrupt/startup/startup_mimxrt1064.o
                0x70003ee8                XBAR1_IRQ_0_1_IRQHandler
 .text.XBAR1_IRQ_2_3_IRQHandler
                0x70003ef0        0x8 CMakeFiles/evkmimxrt1064_lpuart_interrupt.elf.dir/C_/AI/mcu_ex/example/evkmimxrt1064_lpuart_interrupt/startup/startup_mimxrt1064.o
                0x70003ef0                XBAR1_IRQ_2_3_IRQHandler
 .text.ADC_ETC_IRQ0_IRQHandler
                0x70003ef8        0x8 CMakeFiles/evkmimxrt1064_lpuart_interrupt.elf.dir/C_/AI/mcu_ex/example/evkmimxrt1064_lpuart_interrupt/startup/startup_mimxrt1064.o
                0x70003ef8                ADC_ETC_IRQ0_IRQHandler
 .text.ADC_ETC_IRQ1_IRQHandler
                0x70003f00        0x8 CMakeFiles/evkmimxrt1064_lpuart_interrupt.elf.dir/C_/AI/mcu_ex/example/evkmimxrt1064_lpuart_interrupt/startup/startup_mimxrt1064.o
                0x70003f00                ADC_ETC_IRQ1_IRQHandler
 .text.ADC_ETC_IRQ2_IRQHandler
                0x70003f08        0x8 CMakeFiles/evkmimxrt1064_lpuart_interrupt.elf.dir/C_/AI/mcu_ex/example/evkmimxrt1064_lpuart_interrupt/startup/startup_mimxrt1064.o
                0x70003f08                ADC_ETC_IRQ2_IRQHandler
 .text.ADC_ETC_ERROR_IRQ_IRQHandler
                0x70003f10        0x8 CMakeFiles/evkmimxrt1064_lpuart_interrupt.elf.dir/C_/AI/mcu_ex/example/evkmimxrt1064_lpuart_interrupt/startup/startup_mimxrt1064.o
                0x70003f10                ADC_ETC_ERROR_IRQ_IRQHandler
 .text.PIT_IRQHandler
                0x70003f18        0x8 CMakeFiles/evkmimxrt1064_lpuart_interrupt.elf.dir/C_/AI/mcu_ex/example/evkmimxrt1064_lpuart_interrupt/startup/startup_mimxrt1064.o
                0x70003f18                PIT_IRQHandler
 .text.ACMP1_IRQHandler
                0x70003f20        0x8 CMakeFiles/evkmimxrt1064_lpuart_interrupt.elf.dir/C_/AI/mcu_ex/example/evkmimxrt1064_lpuart_interrupt/startup/startup_mimxrt1064.o
                0x70003f20                ACMP1_IRQHandler
 .text.ACMP2_IRQHandler
                0x70003f28        0x8 CMakeFiles/evkmimxrt1064_lpuart_interrupt.elf.dir/C_/AI/mcu_ex/example/evkmimxrt1064_lpuart_interrupt/startup/startup_mimxrt1064.o
                0x70003f28                ACMP2_IRQHandler
 .text.ACMP3_IRQHandler
                0x70003f30        0x8 CMakeFiles/evkmimxrt1064_lpuart_interrupt.elf.dir/C_/AI/mcu_ex/example/evkmimxrt1064_lpuart_interrupt/startup/startup_mimxrt1064.o
                0x70003f30                ACMP3_IRQHandler
 .text.ACMP4_IRQHandler
                0x70003f38        0x8 CMakeFiles/evkmimxrt1064_lpuart_interrupt.elf.dir/C_/AI/mcu_ex/example/evkmimxrt1064_lpuart_interrupt/startup/startup_mimxrt1064.o
                0x70003f38                ACMP4_IRQHandler
 .text.Reserved143_IRQHandler
                0x70003f40        0x8 CMakeFiles/evkmimxrt1064_lpuart_interrupt.elf.dir/C_/AI/mcu_ex/example/evkmimxrt1064_lpuart_interrupt/startup/startup_mimxrt1064.o
                0x70003f40                Reserved143_IRQHandler
 .text.Reserved144_IRQHandler
                0x70003f48        0x8 CMakeFiles/evkmimxrt1064_lpuart_interrupt.elf.dir/C_/AI/mcu_ex/example/evkmimxrt1064_lpuart_interrupt/startup/startup_mimxrt1064.o
                0x70003f48                Reserved144_IRQHandler
 .text.ENC1_IRQHandler
                0x70003f50        0x8 CMakeFiles/evkmimxrt1064_lpuart_interrupt.elf.dir/C_/AI/mcu_ex/example/evkmimxrt1064_lpuart_interrupt/startup/startup_mimxrt1064.o
                0x70003f50                ENC1_IRQHandler
 .text.ENC2_IRQHandler
                0x70003f58        0x8 CMakeFiles/evkmimxrt1064_lpuart_interrupt.elf.dir/C_/AI/mcu_ex/example/evkmimxrt1064_lpuart_interrupt/startup/startup_mimxrt1064.o
                0x70003f58                ENC2_IRQHandler
 .text.ENC3_IRQHandler
                0x70003f60        0x8 CMakeFiles/evkmimxrt1064_lpuart_interrupt.elf.dir/C_/AI/mcu_ex/example/evkmimxrt1064_lpuart_interrupt/startup/startup_mimxrt1064.o
                0x70003f60                ENC3_IRQHandler
 .text.ENC4_IRQHandler
                0x70003f68        0x8 CMakeFiles/evkmimxrt1064_lpuart_interrupt.elf.dir/C_/AI/mcu_ex/example/evkmimxrt1064_lpuart_interrupt/startup/startup_mimxrt1064.o
                0x70003f68                ENC4_IRQHandler
 .text.TMR1_IRQHandler
                0x70003f70        0x8 CMakeFiles/evkmimxrt1064_lpuart_interrupt.elf.dir/C_/AI/mcu_ex/example/evkmimxrt1064_lpuart_interrupt/startup/startup_mimxrt1064.o
                0x70003f70                TMR1_IRQHandler
 .text.TMR2_IRQHandler
                0x70003f78        0x8 CMakeFiles/evkmimxrt1064_lpuart_interrupt.elf.dir/C_/AI/mcu_ex/example/evkmimxrt1064_lpuart_interrupt/startup/startup_mimxrt1064.o
                0x70003f78                TMR2_IRQHandler
 .text.TMR3_IRQHandler
                0x70003f80        0x8 CMakeFiles/evkmimxrt1064_lpuart_interrupt.elf.dir/C_/AI/mcu_ex/example/evkmimxrt1064_lpuart_interrupt/startup/startup_mimxrt1064.o
                0x70003f80                TMR3_IRQHandler
 .text.TMR4_IRQHandler
                0x70003f88        0x8 CMakeFiles/evkmimxrt1064_lpuart_interrupt.elf.dir/C_/AI/mcu_ex/example/evkmimxrt1064_lpuart_interrupt/startup/startup_mimxrt1064.o
                0x70003f88                TMR4_IRQHandler
 .text.PWM2_0_IRQHandler
                0x70003f90        0x8 CMakeFiles/evkmimxrt1064_lpuart_interrupt.elf.dir/C_/AI/mcu_ex/example/evkmimxrt1064_lpuart_interrupt/startup/startup_mimxrt1064.o
                0x70003f90                PWM2_0_IRQHandler
 .text.PWM2_1_IRQHandler
                0x70003f98        0x8 CMakeFiles/evkmimxrt1064_lpuart_interrupt.elf.dir/C_/AI/mcu_ex/example/evkmimxrt1064_lpuart_interrupt/startup/startup_mimxrt1064.o
                0x70003f98                PWM2_1_IRQHandler
 .text.PWM2_2_IRQHandler
                0x70003fa0        0x8 CMakeFiles/evkmimxrt1064_lpuart_interrupt.elf.dir/C_/AI/mcu_ex/example/evkmimxrt1064_lpuart_interrupt/startup/startup_mimxrt1064.o
                0x70003fa0                PWM2_2_IRQHandler
 .text.PWM2_3_IRQHandler
                0x70003fa8        0x8 CMakeFiles/evkmimxrt1064_lpuart_interrupt.elf.dir/C_/AI/mcu_ex/example/evkmimxrt1064_lpuart_interrupt/startup/startup_mimxrt1064.o
                0x70003fa8                PWM2_3_IRQHandler
 .text.PWM2_FAULT_IRQHandler
                0x70003fb0        0x8 CMakeFiles/evkmimxrt1064_lpuart_interrupt.elf.dir/C_/AI/mcu_ex/example/evkmimxrt1064_lpuart_interrupt/startup/startup_mimxrt1064.o
                0x70003fb0                PWM2_FAULT_IRQHandler
 .text.PWM3_0_IRQHandler
                0x70003fb8        0x8 CMakeFiles/evkmimxrt1064_lpuart_interrupt.elf.dir/C_/AI/mcu_ex/example/evkmimxrt1064_lpuart_interrupt/startup/startup_mimxrt1064.o
                0x70003fb8                PWM3_0_IRQHandler
 .text.PWM3_1_IRQHandler
                0x70003fc0        0x8 CMakeFiles/evkmimxrt1064_lpuart_interrupt.elf.dir/C_/AI/mcu_ex/example/evkmimxrt1064_lpuart_interrupt/startup/startup_mimxrt1064.o
                0x70003fc0                PWM3_1_IRQHandler
 .text.PWM3_2_IRQHandler
                0x70003fc8        0x8 CMakeFiles/evkmimxrt1064_lpuart_interrupt.elf.dir/C_/AI/mcu_ex/example/evkmimxrt1064_lpuart_interrupt/startup/startup_mimxrt1064.o
                0x70003fc8                PWM3_2_IRQHandler
 .text.PWM3_3_IRQHandler
                0x70003fd0        0x8 CMakeFiles/evkmimxrt1064_lpuart_interrupt.elf.dir/C_/AI/mcu_ex/example/evkmimxrt1064_lpuart_interrupt/startup/startup_mimxrt1064.o
                0x70003fd0                PWM3_3_IRQHandler
 .text.PWM3_FAULT_IRQHandler
                0x70003fd8        0x8 CMakeFiles/evkmimxrt1064_lpuart_interrupt.elf.dir/C_/AI/mcu_ex/example/evkmimxrt1064_lpuart_interrupt/startup/startup_mimxrt1064.o
                0x70003fd8                PWM3_FAULT_IRQHandler
 .text.PWM4_0_IRQHandler
                0x70003fe0        0x8 CMakeFiles/evkmimxrt1064_lpuart_interrupt.elf.dir/C_/AI/mcu_ex/example/evkmimxrt1064_lpuart_interrupt/startup/startup_mimxrt1064.o
                0x70003fe0                PWM4_0_IRQHandler
 .text.PWM4_1_IRQHandler
                0x70003fe8        0x8 CMakeFiles/evkmimxrt1064_lpuart_interrupt.elf.dir/C_/AI/mcu_ex/example/evkmimxrt1064_lpuart_interrupt/startup/startup_mimxrt1064.o
                0x70003fe8                PWM4_1_IRQHandler
 .text.PWM4_2_IRQHandler
                0x70003ff0        0x8 CMakeFiles/evkmimxrt1064_lpuart_interrupt.elf.dir/C_/AI/mcu_ex/example/evkmimxrt1064_lpuart_interrupt/startup/startup_mimxrt1064.o
                0x70003ff0                PWM4_2_IRQHandler
 .text.PWM4_3_IRQHandler
                0x70003ff8        0x8 CMakeFiles/evkmimxrt1064_lpuart_interrupt.elf.dir/C_/AI/mcu_ex/example/evkmimxrt1064_lpuart_interrupt/startup/startup_mimxrt1064.o
                0x70003ff8                PWM4_3_IRQHandler
 .text.PWM4_FAULT_IRQHandler
                0x70004000        0x8 CMakeFiles/evkmimxrt1064_lpuart_interrupt.elf.dir/C_/AI/mcu_ex/example/evkmimxrt1064_lpuart_interrupt/startup/startup_mimxrt1064.o
                0x70004000                PWM4_FAULT_IRQHandler
 .text.ENET2_IRQHandler
                0x70004008        0x8 CMakeFiles/evkmimxrt1064_lpuart_interrupt.elf.dir/C_/AI/mcu_ex/example/evkmimxrt1064_lpuart_interrupt/startup/startup_mimxrt1064.o
                0x70004008                ENET2_IRQHandler
 .text.ENET2_1588_Timer_IRQHandler
                0x70004010        0x8 CMakeFiles/evkmimxrt1064_lpuart_interrupt.elf.dir/C_/AI/mcu_ex/example/evkmimxrt1064_lpuart_interrupt/startup/startup_mimxrt1064.o
                0x70004010                ENET2_1588_Timer_IRQHandler
 .text.CAN3_IRQHandler
                0x70004018        0x8 CMakeFiles/evkmimxrt1064_lpuart_interrupt.elf.dir/C_/AI/mcu_ex/example/evkmimxrt1064_lpuart_interrupt/startup/startup_mimxrt1064.o
                0x70004018                CAN3_IRQHandler
 .text.Reserved171_IRQHandler
                0x70004020        0x8 CMakeFiles/evkmimxrt1064_lpuart_interrupt.elf.dir/C_/AI/mcu_ex/example/evkmimxrt1064_lpuart_interrupt/startup/startup_mimxrt1064.o
                0x70004020                Reserved171_IRQHandler
 .text.FLEXIO3_IRQHandler
                0x70004028        0x8 CMakeFiles/evkmimxrt1064_lpuart_interrupt.elf.dir/C_/AI/mcu_ex/example/evkmimxrt1064_lpuart_interrupt/startup/startup_mimxrt1064.o
                0x70004028                FLEXIO3_IRQHandler
 .text.GPIO6_7_8_9_IRQHandler
                0x70004030        0x8 CMakeFiles/evkmimxrt1064_lpuart_interrupt.elf.dir/C_/AI/mcu_ex/example/evkmimxrt1064_lpuart_interrupt/startup/startup_mimxrt1064.o
                0x70004030                GPIO6_7_8_9_IRQHandler
 .text.HardFault_Handler
                0x70004038       0x2c CMakeFiles/evkmimxrt1064_lpuart_interrupt.elf.dir/C_/AI/mcu_ex/example/evkmimxrt1064_lpuart_interrupt/source/semihost_hardfault.o
                0x70004038                HardFault_Handler
 .text.EnableIRQ
                0x70004064       0x14 CMakeFiles/evkmimxrt1064_lpuart_interrupt.elf.dir/C_/AI/mcu_ex/example/evkmimxrt1064_lpuart_interrupt/source/lpuart_interrupt.o
 .text.LPUART_WriteByte
                0x70004078        0x4 CMakeFiles/evkmimxrt1064_lpuart_interrupt.elf.dir/C_/AI/mcu_ex/example/evkmimxrt1064_lpuart_interrupt/source/lpuart_interrupt.o
 .text.LPUART_ReadByte
                0x7000407c       0x32 CMakeFiles/evkmimxrt1064_lpuart_interrupt.elf.dir/C_/AI/mcu_ex/example/evkmimxrt1064_lpuart_interrupt/source/lpuart_interrupt.o
 .text.DbgConsole_PrintfPaddingCharacter
                0x700040ae       0x26 CMakeFiles/evkmimxrt1064_lpuart_interrupt.elf.dir/C_/AI/mcu_ex/example/evkmimxrt1064_lpuart_interrupt/utilities/fsl_debug_console.o
 .text.DbgConsole_ConvertRadixNumToString
                0x700040d4       0x4e CMakeFiles/evkmimxrt1064_lpuart_interrupt.elf.dir/C_/AI/mcu_ex/example/evkmimxrt1064_lpuart_interrupt/utilities/fsl_debug_console.o
 .text.DbgConsole_PrintfFormattedData
                0x70004122      0x242 CMakeFiles/evkmimxrt1064_lpuart_interrupt.elf.dir/C_/AI/mcu_ex/example/evkmimxrt1064_lpuart_interrupt/utilities/fsl_debug_console.o
 .text._SDK_AtomicLocalClearAndSet4Byte
                0x70004364       0x1a CMakeFiles/evkmimxrt1064_lpuart_interrupt.elf.dir/C_/AI/mcu_ex/example/evkmimxrt1064_lpuart_interrupt/drivers/fsl_lpuart.o
 .text.CLOCK_EnableClock
                0x7000437e        0xa CMakeFiles/evkmimxrt1064_lpuart_interrupt.elf.dir/C_/AI/mcu_ex/example/evkmimxrt1064_lpuart_interrupt/drivers/fsl_lpuart.o
 .text.LPUART_SoftwareReset
                0x70004388       0x12 CMakeFiles/evkmimxrt1064_lpuart_interrupt.elf.dir/C_/AI/mcu_ex/example/evkmimxrt1064_lpuart_interrupt/drivers/fsl_lpuart.o
 .text.CLOCK_IsPllBypassed
                0x7000439a        0xc CMakeFiles/evkmimxrt1064_lpuart_interrupt.elf.dir/C_/AI/mcu_ex/example/evkmimxrt1064_lpuart_interrupt/drivers/fsl_clock.o
 .text.CLOCK_IsPllEnabled
                0x700043a6       0x12 CMakeFiles/evkmimxrt1064_lpuart_interrupt.elf.dir/C_/AI/mcu_ex/example/evkmimxrt1064_lpuart_interrupt/drivers/fsl_clock.o
 .text.CLOCK_GetPllBypassRefClk
                0x700043b8       0x18 CMakeFiles/evkmimxrt1064_lpuart_interrupt.elf.dir/C_/AI/mcu_ex/example/evkmimxrt1064_lpuart_interrupt/drivers/fsl_clock.o
 .text.SystemInitHook
                0x700043d0        0x2 CMakeFiles/evkmimxrt1064_lpuart_interrupt.elf.dir/C_/AI/mcu_ex/example/evkmimxrt1064_lpuart_interrupt/device/system_MIMXRT1064.o
                0x700043d0                SystemInitHook
 .text._SDK_AtomicLocalClearAndSet4Byte
                0x700043d2       0x1a CMakeFiles/evkmimxrt1064_lpuart_interrupt.elf.dir/C_/AI/mcu_ex/example/evkmimxrt1064_lpuart_interrupt/board/pin_mux.o
 .text.CLOCK_EnableClock
                0x700043ec        0xa CMakeFiles/evkmimxrt1064_lpuart_interrupt.elf.dir/C_/AI/mcu_ex/example/evkmimxrt1064_lpuart_interrupt/board/pin_mux.o
 .text.IOMUXC_SetPinMux
                0x700043f6       0x20 CMakeFiles/evkmimxrt1064_lpuart_interrupt.elf.dir/C_/AI/mcu_ex/example/evkmimxrt1064_lpuart_interrupt/board/pin_mux.o
 .text.IOMUXC_SetPinConfig
                0x70004416        0xa CMakeFiles/evkmimxrt1064_lpuart_interrupt.elf.dir/C_/AI/mcu_ex/example/evkmimxrt1064_lpuart_interrupt/board/pin_mux.o
 .text.BOARD_InitBootPins
                0x70004420        0x8 CMakeFiles/evkmimxrt1064_lpuart_interrupt.elf.dir/C_/AI/mcu_ex/example/evkmimxrt1064_lpuart_interrupt/board/pin_mux.o
                0x70004420                BOARD_InitBootPins
 .text._SDK_AtomicLocalClearAndSet4Byte
                0x70004428       0x1a CMakeFiles/evkmimxrt1064_lpuart_interrupt.elf.dir/C_/AI/mcu_ex/example/evkmimxrt1064_lpuart_interrupt/board/clock_config.o
 .text.CLOCK_DisableClock
                0x70004442        0xa CMakeFiles/evkmimxrt1064_lpuart_interrupt.elf.dir/C_/AI/mcu_ex/example/evkmimxrt1064_lpuart_interrupt/board/clock_config.o
 .text.CLOCK_SetPllBypass
                0x7000444c       0x1e CMakeFiles/evkmimxrt1064_lpuart_interrupt.elf.dir/C_/AI/mcu_ex/example/evkmimxrt1064_lpuart_interrupt/board/clock_config.o
 .text.IOMUXC_SetSaiMClkClockSource
                0x7000446a       0x38 CMakeFiles/evkmimxrt1064_lpuart_interrupt.elf.dir/C_/AI/mcu_ex/example/evkmimxrt1064_lpuart_interrupt/board/clock_config.o
 .text.BOARD_InitBootClocks
                0x700044a2        0x8 CMakeFiles/evkmimxrt1064_lpuart_interrupt.elf.dir/C_/AI/mcu_ex/example/evkmimxrt1064_lpuart_interrupt/board/clock_config.o
                0x700044a2                BOARD_InitBootClocks
 .text.memset   0x700044aa       0x10 c:/nxp/mcuxpressoide_11.4.0_6224/ide/tools/bin/../lib/gcc/arm-none-eabi/10.2.1/../../../../arm-none-eabi/lib/thumb/v7e-m+dp/hard\libc_nano.a(lib_a-memset.o)
                0x700044aa                memset
 .text          0x700044ba       0x10 c:/nxp/mcuxpressoide_11.4.0_6224/ide/tools/bin/../lib/gcc/arm-none-eabi/10.2.1/../../../../arm-none-eabi/lib/thumb/v7e-m+dp/hard\libc_nano.a(lib_a-strlen.o)
                0x700044ba                strlen
 *(SORT_BY_ALIGNMENT(.rodata) SORT_BY_ALIGNMENT(.rodata.*) SORT_BY_ALIGNMENT(.constdata) SORT_BY_ALIGNMENT(.constdata.*))
 *fill*         0x700044ca        0x2 ff
 .rodata.__assert_func.str1.4
                0x700044cc       0x3e CMakeFiles/evkmimxrt1064_lpuart_interrupt.elf.dir/C_/AI/mcu_ex/example/evkmimxrt1064_lpuart_interrupt/utilities/fsl_assert.o
 *fill*         0x7000450a        0x2 ff
 .rodata.CLOCK_ControlGate.str1.4
                0x7000450c       0x58 CMakeFiles/evkmimxrt1064_lpuart_interrupt.elf.dir/C_/AI/mcu_ex/example/evkmimxrt1064_lpuart_interrupt/drivers/fsl_lpuart.o
 .rodata.s_lpuartBases
                0x70004564       0x24 CMakeFiles/evkmimxrt1064_lpuart_interrupt.elf.dir/C_/AI/mcu_ex/example/evkmimxrt1064_lpuart_interrupt/drivers/fsl_lpuart.o
 .rodata.s_lpuartClock
                0x70004588       0x12 CMakeFiles/evkmimxrt1064_lpuart_interrupt.elf.dir/C_/AI/mcu_ex/example/evkmimxrt1064_lpuart_interrupt/drivers/fsl_lpuart.o
 *fill*         0x7000459a        0x2 ff
 .rodata.LPUART_GetInstance.str1.4
                0x7000459c       0x71 CMakeFiles/evkmimxrt1064_lpuart_interrupt.elf.dir/C_/AI/mcu_ex/example/evkmimxrt1064_lpuart_interrupt/drivers/fsl_lpuart.o
 *fill*         0x7000460d        0x3 ff
 .rodata.LPUART_WriteNonBlocking.str1.4
                0x70004610        0xd CMakeFiles/evkmimxrt1064_lpuart_interrupt.elf.dir/C_/AI/mcu_ex/example/evkmimxrt1064_lpuart_interrupt/drivers/fsl_lpuart.o
 *fill*         0x7000461d        0x3 ff
 .rodata.LPUART_Init.str1.4
                0x70004620       0xbc CMakeFiles/evkmimxrt1064_lpuart_interrupt.elf.dir/C_/AI/mcu_ex/example/evkmimxrt1064_lpuart_interrupt/drivers/fsl_lpuart.o
 .rodata.__func__.22
                0x700046dc       0x13 CMakeFiles/evkmimxrt1064_lpuart_interrupt.elf.dir/C_/AI/mcu_ex/example/evkmimxrt1064_lpuart_interrupt/drivers/fsl_lpuart.o
 *fill*         0x700046ef        0x1 ff
 .rodata.__func__.17
                0x700046f0        0xc CMakeFiles/evkmimxrt1064_lpuart_interrupt.elf.dir/C_/AI/mcu_ex/example/evkmimxrt1064_lpuart_interrupt/drivers/fsl_lpuart.o
 .rodata.__func__.16
                0x700046fc       0x12 CMakeFiles/evkmimxrt1064_lpuart_interrupt.elf.dir/C_/AI/mcu_ex/example/evkmimxrt1064_lpuart_interrupt/drivers/fsl_lpuart.o
 *fill*         0x7000470e        0x2 ff
 .rodata.__func__.15
                0x70004710       0x18 CMakeFiles/evkmimxrt1064_lpuart_interrupt.elf.dir/C_/AI/mcu_ex/example/evkmimxrt1064_lpuart_interrupt/drivers/fsl_lpuart.o
 .rodata.__func__.11
                0x70004728       0x15 CMakeFiles/evkmimxrt1064_lpuart_interrupt.elf.dir/C_/AI/mcu_ex/example/evkmimxrt1064_lpuart_interrupt/drivers/fsl_lpuart.o
 *fill*         0x7000473d        0x3 ff
 .rodata.CLOCK_InitExternalClk.str1.4
                0x70004740       0x58 CMakeFiles/evkmimxrt1064_lpuart_interrupt.elf.dir/C_/AI/mcu_ex/example/evkmimxrt1064_lpuart_interrupt/drivers/fsl_clock.o
 .rodata.CLOCK_GetPllFreq.str1.4
                0x70004798        0x6 CMakeFiles/evkmimxrt1064_lpuart_interrupt.elf.dir/C_/AI/mcu_ex/example/evkmimxrt1064_lpuart_interrupt/drivers/fsl_clock.o
 *fill*         0x7000479e        0x2 ff
 .rodata.__func__.8
                0x700047a0       0x16 CMakeFiles/evkmimxrt1064_lpuart_interrupt.elf.dir/C_/AI/mcu_ex/example/evkmimxrt1064_lpuart_interrupt/drivers/fsl_clock.o
 *fill*         0x700047b6        0x2 ff
 .rodata.__func__.2
                0x700047b8       0x11 CMakeFiles/evkmimxrt1064_lpuart_interrupt.elf.dir/C_/AI/mcu_ex/example/evkmimxrt1064_lpuart_interrupt/drivers/fsl_clock.o
 *fill*         0x700047c9        0x3 ff
 .rodata.enetRefClkFreq.1
                0x700047cc       0x10 CMakeFiles/evkmimxrt1064_lpuart_interrupt.elf.dir/C_/AI/mcu_ex/example/evkmimxrt1064_lpuart_interrupt/drivers/fsl_clock.o
 .rodata.CLOCK_ControlGate.str1.4
                0x700047dc       0x48 CMakeFiles/evkmimxrt1064_lpuart_interrupt.elf.dir/C_/AI/mcu_ex/example/evkmimxrt1064_lpuart_interrupt/board/pin_mux.o
                                 0x58 (size before relaxing)
 .rodata.__func__.0
                0x70004824       0x12 CMakeFiles/evkmimxrt1064_lpuart_interrupt.elf.dir/C_/AI/mcu_ex/example/evkmimxrt1064_lpuart_interrupt/board/pin_mux.o
 *fill*         0x70004836        0x2 ff
 .rodata.CLOCK_SetMux.str1.4
                0x70004838       0x1e CMakeFiles/evkmimxrt1064_lpuart_interrupt.elf.dir/C_/AI/mcu_ex/example/evkmimxrt1064_lpuart_interrupt/board/clock_config.o
                                 0x68 (size before relaxing)
 .rodata.CLOCK_ControlGate.str1.4
                0x70004856        0xd CMakeFiles/evkmimxrt1064_lpuart_interrupt.elf.dir/C_/AI/mcu_ex/example/evkmimxrt1064_lpuart_interrupt/board/clock_config.o
 *fill*         0x70004856        0x2 ff
 .rodata.armPllConfig_BOARD_BootClockRUN
                0x70004858        0x8 CMakeFiles/evkmimxrt1064_lpuart_interrupt.elf.dir/C_/AI/mcu_ex/example/evkmimxrt1064_lpuart_interrupt/board/clock_config.o
                0x70004858                armPllConfig_BOARD_BootClockRUN
 .rodata.sysPllConfig_BOARD_BootClockRUN
                0x70004860       0x14 CMakeFiles/evkmimxrt1064_lpuart_interrupt.elf.dir/C_/AI/mcu_ex/example/evkmimxrt1064_lpuart_interrupt/board/clock_config.o
                0x70004860                sysPllConfig_BOARD_BootClockRUN
 .rodata.__func__.2
                0x70004874       0x12 CMakeFiles/evkmimxrt1064_lpuart_interrupt.elf.dir/C_/AI/mcu_ex/example/evkmimxrt1064_lpuart_interrupt/board/clock_config.o
 *fill*         0x70004886        0x2 ff
 .rodata.__func__.1
                0x70004888        0xd CMakeFiles/evkmimxrt1064_lpuart_interrupt.elf.dir/C_/AI/mcu_ex/example/evkmimxrt1064_lpuart_interrupt/board/clock_config.o
 *fill*         0x70004895        0x3 ff
 .rodata.__func__.0
                0x70004898        0xd CMakeFiles/evkmimxrt1064_lpuart_interrupt.elf.dir/C_/AI/mcu_ex/example/evkmimxrt1064_lpuart_interrupt/board/clock_config.o
 *fill*         0x700048a5        0x3 ff
 .rodata.BOARD_ConfigMPU.str1.4
                0x700048a8       0x7f CMakeFiles/evkmimxrt1064_lpuart_interrupt.elf.dir/C_/AI/mcu_ex/example/evkmimxrt1064_lpuart_interrupt/board/board.o
 *fill*         0x70004927        0x1 ff
 .rodata.__func__.0
                0x70004928       0x10 CMakeFiles/evkmimxrt1064_lpuart_interrupt.elf.dir/C_/AI/mcu_ex/example/evkmimxrt1064_lpuart_interrupt/board/board.o
                0x70004938                . = ALIGN (0x4)

.glue_7         0x70004938        0x0
 .glue_7        0x70004938        0x0 linker stubs

.glue_7t        0x70004938        0x0
 .glue_7t       0x70004938        0x0 linker stubs

.vfp11_veneer   0x70004938        0x0
 .vfp11_veneer  0x70004938        0x0 linker stubs

.v4_bx          0x70004938        0x0
 .v4_bx         0x70004938        0x0 linker stubs

.iplt           0x70004938        0x0
 .iplt          0x70004938        0x0 CMakeFiles/evkmimxrt1064_lpuart_interrupt.elf.dir/C_/AI/mcu_ex/example/evkmimxrt1064_lpuart_interrupt/startup/startup_mimxrt1064.o

.rel.dyn        0x70004938        0x0
 .rel.iplt      0x70004938        0x0 CMakeFiles/evkmimxrt1064_lpuart_interrupt.elf.dir/C_/AI/mcu_ex/example/evkmimxrt1064_lpuart_interrupt/startup/startup_mimxrt1064.o

.ARM.extab
 *(SORT_BY_ALIGNMENT(.ARM.extab*) SORT_BY_ALIGNMENT(.gnu.linkonce.armextab.*))

.ARM.exidx      0x70004938        0x0
                0x70004938                __exidx_start = .
 *(SORT_BY_ALIGNMENT(.ARM.exidx*) SORT_BY_ALIGNMENT(.gnu.linkonce.armexidx.*))
                0x70004938                __exidx_end = .
                0x70004938                _etext = .

.data_RAM2      0x00000000        0x0 load address 0x70004938
 FILL mask 0xff
                [!provide]                PROVIDE (__start_data_RAM2 = .)
                [!provide]                PROVIDE (__start_data_SRAM_ITC = .)
 *(SORT_BY_ALIGNMENT(.ramfunc.$RAM2))
 *(SORT_BY_ALIGNMENT(.ramfunc.$SRAM_ITC))
 *(SORT_BY_ALIGNMENT(.data.$RAM2))
 *(SORT_BY_ALIGNMENT(.data.$SRAM_ITC))
 *(SORT_BY_ALIGNMENT(.data.$RAM2.*))
 *(SORT_BY_ALIGNMENT(.data.$SRAM_ITC.*))
                0x00000000                . = ALIGN (0x4)
                [!provide]                PROVIDE (__end_data_RAM2 = .)
                [!provide]                PROVIDE (__end_data_SRAM_ITC = .)

.data_RAM3      0x20200000        0x0 load address 0x70004938
 FILL mask 0xff
                [!provide]                PROVIDE (__start_data_RAM3 = .)
                [!provide]                PROVIDE (__start_data_SRAM_OC = .)
 *(SORT_BY_ALIGNMENT(.ramfunc.$RAM3))
 *(SORT_BY_ALIGNMENT(.ramfunc.$SRAM_OC))
 *(SORT_BY_ALIGNMENT(.data.$RAM3))
 *(SORT_BY_ALIGNMENT(.data.$SRAM_OC))
 *(SORT_BY_ALIGNMENT(.data.$RAM3.*))
 *(SORT_BY_ALIGNMENT(.data.$SRAM_OC.*))
                0x20200000                . = ALIGN (0x4)
                [!provide]                PROVIDE (__end_data_RAM3 = .)
                [!provide]                PROVIDE (__end_data_SRAM_OC = .)

.data_RAM4      0x80000000        0x0 load address 0x70004938
 FILL mask 0xff
                [!provide]                PROVIDE (__start_data_RAM4 = .)
                [!provide]                PROVIDE (__start_data_BOARD_SDRAM = .)
 *(SORT_BY_ALIGNMENT(.ramfunc.$RAM4))
 *(SORT_BY_ALIGNMENT(.ramfunc.$BOARD_SDRAM))
 *(SORT_BY_ALIGNMENT(.data.$RAM4))
 *(SORT_BY_ALIGNMENT(.data.$BOARD_SDRAM))
 *(SORT_BY_ALIGNMENT(.data.$RAM4.*))
 *(SORT_BY_ALIGNMENT(.data.$BOARD_SDRAM.*))
                0x80000000                . = ALIGN (0x4)
                [!provide]                PROVIDE (__end_data_RAM4 = .)
                [!provide]                PROVIDE (__end_data_BOARD_SDRAM = .)

.data_RAM5      0x81e00000        0x0 load address 0x70004938
 FILL mask 0xff
                [!provide]                PROVIDE (__start_data_RAM5 = .)
                [!provide]                PROVIDE (__start_data_NCACHE_REGION = .)
 *(SORT_BY_ALIGNMENT(.ramfunc.$RAM5))
 *(SORT_BY_ALIGNMENT(.ramfunc.$NCACHE_REGION))
 *(SORT_BY_ALIGNMENT(.data.$RAM5))
 *(SORT_BY_ALIGNMENT(.data.$NCACHE_REGION))
 *(SORT_BY_ALIGNMENT(.data.$RAM5.*))
 *(SORT_BY_ALIGNMENT(.data.$NCACHE_REGION.*))
                0x81e00000                . = ALIGN (0x4)
                [!provide]                PROVIDE (__end_data_RAM5 = .)
                [!provide]                PROVIDE (__end_data_NCACHE_REGION = .)

.uninit_RESERVED
                0x20000000        0x0
                0x20000000                _start_uninit_RESERVED = .
 *(SORT_BY_ALIGNMENT(.bss.$RESERVED*))
                0x20000000                . = ALIGN (0x4)
                0x20000000                _end_uninit_RESERVED = .

.data           0x20000000       0x70 load address 0x70004938
 FILL mask 0xff
                0x20000000                _data = .
                [!provide]                PROVIDE (__start_data_RAM = .)
                [!provide]                PROVIDE (__start_data_SRAM_DTC = .)
 *(SORT_BY_ALIGNMENT(vtable))
 *(SORT_BY_ALIGNMENT(.ramfunc*))
 *(SORT_BY_ALIGNMENT(CodeQuickAccess))
 *(SORT_BY_ALIGNMENT(DataQuickAccess))
 *(SORT_BY_ALIGNMENT(RamFunction))
 *(SORT_BY_ALIGNMENT(NonCacheable.init))
 *(SORT_BY_ALIGNMENT(.data*))
 .data.g_tipString
                0x20000000       0x6c CMakeFiles/evkmimxrt1064_lpuart_interrupt.elf.dir/C_/AI/mcu_ex/example/evkmimxrt1064_lpuart_interrupt/source/lpuart_interrupt.o
                0x20000000                g_tipString
 .data.SystemCoreClock
                0x2000006c        0x4 CMakeFiles/evkmimxrt1064_lpuart_interrupt.elf.dir/C_/AI/mcu_ex/example/evkmimxrt1064_lpuart_interrupt/device/system_MIMXRT1064.o
                0x2000006c                SystemCoreClock
                0x20000070                . = ALIGN (0x4)
                0x20000070                _edata = .
                [!provide]                PROVIDE (__end_data_RAM = .)
                [!provide]                PROVIDE (__end_data_SRAM_DTC = .)

.igot.plt       0x20000070        0x0 load address 0x700049a8
 .igot.plt      0x20000070        0x0 CMakeFiles/evkmimxrt1064_lpuart_interrupt.elf.dir/C_/AI/mcu_ex/example/evkmimxrt1064_lpuart_interrupt/startup/startup_mimxrt1064.o

.bss_RAM2       0x00000000        0x0
                [!provide]                PROVIDE (__start_bss_RAM2 = .)
                [!provide]                PROVIDE (__start_bss_SRAM_ITC = .)
 *(SORT_BY_ALIGNMENT(.bss.$RAM2))
 *(SORT_BY_ALIGNMENT(.bss.$SRAM_ITC))
 *(SORT_BY_ALIGNMENT(.bss.$RAM2.*))
 *(SORT_BY_ALIGNMENT(.bss.$SRAM_ITC.*))
                0x00000000                . = ALIGN ((. != 0x0)?0x4:0x1)
                [!provide]                PROVIDE (__end_bss_RAM2 = .)
                [!provide]                PROVIDE (__end_bss_SRAM_ITC = .)

.bss_RAM3       0x20200000        0x0
                [!provide]                PROVIDE (__start_bss_RAM3 = .)
                [!provide]                PROVIDE (__start_bss_SRAM_OC = .)
 *(SORT_BY_ALIGNMENT(.bss.$RAM3))
 *(SORT_BY_ALIGNMENT(.bss.$SRAM_OC))
 *(SORT_BY_ALIGNMENT(.bss.$RAM3.*))
 *(SORT_BY_ALIGNMENT(.bss.$SRAM_OC.*))
                0x20200000                . = ALIGN ((. != 0x0)?0x4:0x1)
                [!provide]                PROVIDE (__end_bss_RAM3 = .)
                [!provide]                PROVIDE (__end_bss_SRAM_OC = .)

.bss_RAM4       0x80000000        0x0
                [!provide]                PROVIDE (__start_bss_RAM4 = .)
                [!provide]                PROVIDE (__start_bss_BOARD_SDRAM = .)
 *(SORT_BY_ALIGNMENT(.bss.$RAM4))
 *(SORT_BY_ALIGNMENT(.bss.$BOARD_SDRAM))
 *(SORT_BY_ALIGNMENT(.bss.$RAM4.*))
 *(SORT_BY_ALIGNMENT(.bss.$BOARD_SDRAM.*))
                0x80000000                . = ALIGN ((. != 0x0)?0x4:0x1)
                [!provide]                PROVIDE (__end_bss_RAM4 = .)
                [!provide]                PROVIDE (__end_bss_BOARD_SDRAM = .)

.bss_RAM5       0x81e00000        0x0
                [!provide]                PROVIDE (__start_bss_RAM5 = .)
                [!provide]                PROVIDE (__start_bss_NCACHE_REGION = .)
 *(SORT_BY_ALIGNMENT(.bss.$RAM5))
 *(SORT_BY_ALIGNMENT(.bss.$NCACHE_REGION))
 *(SORT_BY_ALIGNMENT(.bss.$RAM5.*))
 *(SORT_BY_ALIGNMENT(.bss.$NCACHE_REGION.*))
                0x81e00000                . = ALIGN ((. != 0x0)?0x4:0x1)
                [!provide]                PROVIDE (__end_bss_RAM5 = .)
                [!provide]                PROVIDE (__end_bss_NCACHE_REGION = .)

.bss            0x20000070       0x58
                0x20000070                _bss = .
                [!provide]                PROVIDE (__start_bss_RAM = .)
                [!provide]                PROVIDE (__start_bss_SRAM_DTC = .)
 *(SORT_BY_ALIGNMENT(NonCacheable))
 *(SORT_BY_ALIGNMENT(.bss*))
 .bss.demoRingBuffer
                0x20000070       0x10 CMakeFiles/evkmimxrt1064_lpuart_interrupt.elf.dir/C_/AI/mcu_ex/example/evkmimxrt1064_lpuart_interrupt/source/lpuart_interrupt.o
                0x20000070                demoRingBuffer
 .bss.s_debugConsole
                0x20000080       0x14 CMakeFiles/evkmimxrt1064_lpuart_interrupt.elf.dir/C_/AI/mcu_ex/example/evkmimxrt1064_lpuart_interrupt/utilities/fsl_debug_console.o
 .bss.s_lpuartHandle
                0x20000094       0x24 CMakeFiles/evkmimxrt1064_lpuart_interrupt.elf.dir/C_/AI/mcu_ex/example/evkmimxrt1064_lpuart_interrupt/drivers/fsl_lpuart.o
                0x20000094                s_lpuartHandle
 .bss.s_lpuartIsr
                0x200000b8        0x4 CMakeFiles/evkmimxrt1064_lpuart_interrupt.elf.dir/C_/AI/mcu_ex/example/evkmimxrt1064_lpuart_interrupt/drivers/fsl_lpuart.o
                0x200000b8                s_lpuartIsr
 .bss.g_xtalFreq
                0x200000bc        0x4 CMakeFiles/evkmimxrt1064_lpuart_interrupt.elf.dir/C_/AI/mcu_ex/example/evkmimxrt1064_lpuart_interrupt/drivers/fsl_clock.o
                0x200000bc                g_xtalFreq
 .bss.g_rtcXtalFreq
                0x200000c0        0x4 CMakeFiles/evkmimxrt1064_lpuart_interrupt.elf.dir/C_/AI/mcu_ex/example/evkmimxrt1064_lpuart_interrupt/drivers/fsl_clock.o
                0x200000c0                g_rtcXtalFreq
 .bss.txIndex   0x200000c4        0x2 CMakeFiles/evkmimxrt1064_lpuart_interrupt.elf.dir/C_/AI/mcu_ex/example/evkmimxrt1064_lpuart_interrupt/source/lpuart_interrupt.o
                0x200000c4                txIndex
 .bss.rxIndex   0x200000c6        0x2 CMakeFiles/evkmimxrt1064_lpuart_interrupt.elf.dir/C_/AI/mcu_ex/example/evkmimxrt1064_lpuart_interrupt/source/lpuart_interrupt.o
                0x200000c6                rxIndex
 *(SORT_BY_ALIGNMENT(COMMON))
                0x200000c8                . = ALIGN (0x4)